<html>
<body>
<pre>
<h1>µVision Build Log</h1>
<h2>Project:</h2>
C:\Users\a5ravi\Desktop\project - fresh implementation\project2new.uvproj
Project File Date:  06/04/2016

<h2>Output:</h2>
Rebuild target 'Target 1'
assembling startup_LPC17xx.s...
compiling system_LPC17xx.c...
compiling half_fit.c...
half_fit.c(91): warning:  #223-D: function "memset" declared implicitly
half_fit.c(96): warning:  #223-D: function "memset" declared implicitly
half_fit.c(83): warning:  #177-D: variable "range" was declared but never referenced
half_fit.c(85): warning:  #177-D: variable "ptr_to_unalloc" was declared but never referenced
half_fit.c(86): warning:  #177-D: variable "ptr_block" was declared but never referenced
half_fit.c(170): warning:  #177-D: variable "curr_address" was declared but never referenced
half_fit.c(296): warning:  #223-D: function "memset" declared implicitly
half_fit.c(321): warning:  #117-D: non-void function "half_alloc" should return a value
compiling half_fit_test.c...
half_fit_test.c(10): warning:  #47-D: incompatible redefinition of macro "smlst_blk_sz" (declared at line 11 of "half_fit.h")
half_fit_test.c(12): warning:  #47-D: incompatible redefinition of macro "lrgst_blk_sz" (declared at line 13 of "half_fit.h")
half_fit_test.c(382): warning:  #177-D: variable "line" was declared but never referenced
half_fit_test.c(525): warning:  #177-D: variable "ptr1" was declared but never referenced
half_fit_test.c(525): warning:  #177-D: variable "ptr2" was declared but never referenced
half_fit_test.c(525): warning:  #177-D: variable "ptr3" was declared but never referenced
compiling uart.c...
compiling Retarget.c...
linking...
Program Size: Code=6160 RO-data=220 RW-data=60 ZI-data=41180  
"project2new.axf" - 0 Error(s), 14 Warning(s).
Rebuild target 'Target 1'
assembling startup_LPC17xx.s...
compiling system_LPC17xx.c...
compiling half_fit.c...
half_fit.c(53): warning:  #223-D: function "pop_unalloc_ptrs" declared implicitly
half_fit.c(63): error:  #159: declaration is incompatible with previous "pop_unalloc_ptrs" (declared at line 53)
half_fit.c(96): warning:  #223-D: function "memset" declared implicitly
half_fit.c(101): warning:  #223-D: function "memset" declared implicitly
half_fit.c(138): warning:  #187-D: use of "=" where "==" may have been intended
half_fit.c(88): warning:  #177-D: variable "range" was declared but never referenced
half_fit.c(90): warning:  #177-D: variable "ptr_to_unalloc" was declared but never referenced
half_fit.c(91): warning:  #177-D: variable "ptr_block" was declared but never referenced
half_fit.c(177): warning:  #177-D: variable "curr_address" was declared but never referenced
half_fit.c(303): warning:  #223-D: function "memset" declared implicitly
half_fit.c(328): warning:  #117-D: non-void function "half_alloc" should return a value
compiling half_fit_test.c...
half_fit_test.c(10): warning:  #47-D: incompatible redefinition of macro "smlst_blk_sz" (declared at line 11 of "half_fit.h")
half_fit_test.c(12): warning:  #47-D: incompatible redefinition of macro "lrgst_blk_sz" (declared at line 13 of "half_fit.h")
half_fit_test.c(382): warning:  #177-D: variable "line" was declared but never referenced
half_fit_test.c(525): warning:  #177-D: variable "ptr1" was declared but never referenced
half_fit_test.c(525): warning:  #177-D: variable "ptr2" was declared but never referenced
half_fit_test.c(525): warning:  #177-D: variable "ptr3" was declared but never referenced
compiling uart.c...
compiling Retarget.c...
Target not created
Rebuild target 'Target 1'
assembling startup_LPC17xx.s...
compiling system_LPC17xx.c...
compiling half_fit.c...
half_fit.c(76): error:  #167: argument of type "block_header *" is incompatible with parameter of type "int"
half_fit.c(76): error:  #140: too many arguments in function call
half_fit.c(97): warning:  #223-D: function "memset" declared implicitly
half_fit.c(102): warning:  #223-D: function "memset" declared implicitly
half_fit.c(139): warning:  #187-D: use of "=" where "==" may have been intended
half_fit.c(89): warning:  #177-D: variable "range" was declared but never referenced
half_fit.c(91): warning:  #177-D: variable "ptr_to_unalloc" was declared but never referenced
half_fit.c(92): warning:  #177-D: variable "ptr_block" was declared but never referenced
half_fit.c(178): warning:  #177-D: variable "curr_address" was declared but never referenced
half_fit.c(304): warning:  #223-D: function "memset" declared implicitly
half_fit.c(329): warning:  #117-D: non-void function "half_alloc" should return a value
compiling half_fit_test.c...
half_fit_test.c(10): warning:  #47-D: incompatible redefinition of macro "smlst_blk_sz" (declared at line 11 of "half_fit.h")
half_fit_test.c(12): warning:  #47-D: incompatible redefinition of macro "lrgst_blk_sz" (declared at line 13 of "half_fit.h")
half_fit_test.c(382): warning:  #177-D: variable "line" was declared but never referenced
half_fit_test.c(525): warning:  #177-D: variable "ptr1" was declared but never referenced
half_fit_test.c(525): warning:  #177-D: variable "ptr2" was declared but never referenced
half_fit_test.c(525): warning:  #177-D: variable "ptr3" was declared but never referenced
compiling uart.c...
compiling Retarget.c...
Target not created
Rebuild target 'Target 1'
assembling startup_LPC17xx.s...
compiling system_LPC17xx.c...
compiling half_fit.c...
half_fit.c(97): warning:  #223-D: function "memset" declared implicitly
half_fit.c(102): warning:  #223-D: function "memset" declared implicitly
half_fit.c(139): warning:  #187-D: use of "=" where "==" may have been intended
half_fit.c(89): warning:  #177-D: variable "range" was declared but never referenced
half_fit.c(91): warning:  #177-D: variable "ptr_to_unalloc" was declared but never referenced
half_fit.c(92): warning:  #177-D: variable "ptr_block" was declared but never referenced
half_fit.c(178): warning:  #177-D: variable "curr_address" was declared but never referenced
half_fit.c(304): warning:  #223-D: function "memset" declared implicitly
half_fit.c(329): warning:  #117-D: non-void function "half_alloc" should return a value
compiling half_fit_test.c...
half_fit_test.c(10): warning:  #47-D: incompatible redefinition of macro "smlst_blk_sz" (declared at line 11 of "half_fit.h")
half_fit_test.c(12): warning:  #47-D: incompatible redefinition of macro "lrgst_blk_sz" (declared at line 13 of "half_fit.h")
half_fit_test.c(382): warning:  #177-D: variable "line" was declared but never referenced
half_fit_test.c(525): warning:  #177-D: variable "ptr1" was declared but never referenced
half_fit_test.c(525): warning:  #177-D: variable "ptr2" was declared but never referenced
half_fit_test.c(525): warning:  #177-D: variable "ptr3" was declared but never referenced
compiling uart.c...
compiling Retarget.c...
linking...
Program Size: Code=6200 RO-data=220 RW-data=60 ZI-data=41180  
"project2new.axf" - 0 Error(s), 15 Warning(s).
Load "C:\\Users\\a5ravi\\Desktop\\project - fresh implementation\\project2new.AXF" 
Erase Done.
Programming Done.
Verify OK.
Rebuild target 'Target 1'
assembling startup_LPC17xx.s...
compiling system_LPC17xx.c...
compiling half_fit.c...
half_fit.c(97): warning:  #223-D: function "memset" declared implicitly
half_fit.c(102): warning:  #223-D: function "memset" declared implicitly
half_fit.c(139): warning:  #187-D: use of "=" where "==" may have been intended
half_fit.c(89): warning:  #177-D: variable "range" was declared but never referenced
half_fit.c(91): warning:  #177-D: variable "ptr_to_unalloc" was declared but never referenced
half_fit.c(92): warning:  #177-D: variable "ptr_block" was declared but never referenced
half_fit.c(178): warning:  #177-D: variable "curr_address" was declared but never referenced
half_fit.c(304): warning:  #223-D: function "memset" declared implicitly
half_fit.c(329): warning:  #117-D: non-void function "half_alloc" should return a value
compiling half_fit_test.c...
half_fit_test.c(10): warning:  #47-D: incompatible redefinition of macro "smlst_blk_sz" (declared at line 11 of "half_fit.h")
half_fit_test.c(12): warning:  #47-D: incompatible redefinition of macro "lrgst_blk_sz" (declared at line 13 of "half_fit.h")
half_fit_test.c(382): warning:  #177-D: variable "line" was declared but never referenced
half_fit_test.c(525): warning:  #177-D: variable "ptr1" was declared but never referenced
half_fit_test.c(525): warning:  #177-D: variable "ptr2" was declared but never referenced
half_fit_test.c(525): warning:  #177-D: variable "ptr3" was declared but never referenced
compiling uart.c...
compiling Retarget.c...
linking...
Program Size: Code=6200 RO-data=220 RW-data=60 ZI-data=41180  
"project2new.axf" - 0 Error(s), 15 Warning(s).
Load "C:\\Users\\a5ravi\\Desktop\\project - fresh implementation\\project2new.AXF" 
Erase Done.
Programming Done.
Verify OK.
Rebuild target 'Target 1'
assembling startup_LPC17xx.s...
compiling system_LPC17xx.c...
compiling half_fit.c...
half_fit.c(97): warning:  #223-D: function "memset" declared implicitly
half_fit.c(102): warning:  #223-D: function "memset" declared implicitly
half_fit.c(139): warning:  #187-D: use of "=" where "==" may have been intended
half_fit.c(89): warning:  #177-D: variable "range" was declared but never referenced
half_fit.c(91): warning:  #177-D: variable "ptr_to_unalloc" was declared but never referenced
half_fit.c(92): warning:  #177-D: variable "ptr_block" was declared but never referenced
half_fit.c(178): warning:  #177-D: variable "curr_address" was declared but never referenced
half_fit.c(304): warning:  #223-D: function "memset" declared implicitly
half_fit.c(329): warning:  #117-D: non-void function "half_alloc" should return a value
compiling half_fit_test.c...
half_fit_test.c(10): warning:  #47-D: incompatible redefinition of macro "smlst_blk_sz" (declared at line 11 of "half_fit.h")
half_fit_test.c(12): warning:  #47-D: incompatible redefinition of macro "lrgst_blk_sz" (declared at line 13 of "half_fit.h")
half_fit_test.c(382): warning:  #177-D: variable "line" was declared but never referenced
half_fit_test.c(525): warning:  #177-D: variable "ptr1" was declared but never referenced
half_fit_test.c(525): warning:  #177-D: variable "ptr2" was declared but never referenced
half_fit_test.c(525): warning:  #177-D: variable "ptr3" was declared but never referenced
compiling uart.c...
compiling Retarget.c...
linking...
Program Size: Code=6200 RO-data=220 RW-data=60 ZI-data=41180  
"project2new.axf" - 0 Error(s), 15 Warning(s).
Load "C:\\Users\\a5ravi\\Desktop\\project - fresh implementation\\project2new.AXF" 
Erase Done.
Programming Done.
Verify OK.
Rebuild target 'Target 1'
assembling startup_LPC17xx.s...
compiling system_LPC17xx.c...
compiling half_fit.c...
half_fit.c(97): warning:  #223-D: function "memset" declared implicitly
half_fit.c(102): warning:  #223-D: function "memset" declared implicitly
half_fit.c(139): warning:  #187-D: use of "=" where "==" may have been intended
half_fit.c(89): warning:  #177-D: variable "range" was declared but never referenced
half_fit.c(91): warning:  #177-D: variable "ptr_to_unalloc" was declared but never referenced
half_fit.c(92): warning:  #177-D: variable "ptr_block" was declared but never referenced
half_fit.c(178): warning:  #177-D: variable "curr_address" was declared but never referenced
half_fit.c(304): warning:  #223-D: function "memset" declared implicitly
half_fit.c(329): warning:  #117-D: non-void function "half_alloc" should return a value
compiling half_fit_test.c...
half_fit_test.c(10): warning:  #47-D: incompatible redefinition of macro "smlst_blk_sz" (declared at line 11 of "half_fit.h")
half_fit_test.c(12): warning:  #47-D: incompatible redefinition of macro "lrgst_blk_sz" (declared at line 13 of "half_fit.h")
half_fit_test.c(381): warning:  #177-D: variable "line" was declared but never referenced
half_fit_test.c(524): warning:  #177-D: variable "ptr1" was declared but never referenced
half_fit_test.c(524): warning:  #177-D: variable "ptr2" was declared but never referenced
half_fit_test.c(524): warning:  #177-D: variable "ptr3" was declared but never referenced
compiling uart.c...
compiling Retarget.c...
linking...
Program Size: Code=6200 RO-data=220 RW-data=60 ZI-data=41180  
"project2new.axf" - 0 Error(s), 15 Warning(s).
Load "C:\\Users\\a5ravi\\Desktop\\project - fresh implementation\\project2new.AXF" 
Erase Done.
Programming Done.
Verify OK.
Rebuild target 'Target 1'
assembling startup_LPC17xx.s...
compiling system_LPC17xx.c...
compiling half_fit.c...
half_fit.c(97): warning:  #223-D: function "memset" declared implicitly
half_fit.c(102): warning:  #223-D: function "memset" declared implicitly
half_fit.c(139): warning:  #187-D: use of "=" where "==" may have been intended
half_fit.c(89): warning:  #177-D: variable "range" was declared but never referenced
half_fit.c(91): warning:  #177-D: variable "ptr_to_unalloc" was declared but never referenced
half_fit.c(92): warning:  #177-D: variable "ptr_block" was declared but never referenced
half_fit.c(178): warning:  #177-D: variable "curr_address" was declared but never referenced
half_fit.c(304): warning:  #223-D: function "memset" declared implicitly
half_fit.c(329): warning:  #117-D: non-void function "half_alloc" should return a value
compiling half_fit_test.c...
half_fit_test.c(10): warning:  #47-D: incompatible redefinition of macro "smlst_blk_sz" (declared at line 11 of "half_fit.h")
half_fit_test.c(12): warning:  #47-D: incompatible redefinition of macro "lrgst_blk_sz" (declared at line 13 of "half_fit.h")
half_fit_test.c(381): warning:  #177-D: variable "line" was declared but never referenced
half_fit_test.c(524): warning:  #177-D: variable "ptr1" was declared but never referenced
half_fit_test.c(524): warning:  #177-D: variable "ptr2" was declared but never referenced
half_fit_test.c(524): warning:  #177-D: variable "ptr3" was declared but never referenced
compiling uart.c...
compiling Retarget.c...
linking...
Program Size: Code=6200 RO-data=220 RW-data=60 ZI-data=41180  
"project2new.axf" - 0 Error(s), 15 Warning(s).
Load "C:\\Users\\a5ravi\\Desktop\\project - fresh implementation\\project2new.AXF" 
Erase Done.
Programming Done.
Verify OK.
Rebuild target 'Target 1'
assembling startup_LPC17xx.s...
compiling system_LPC17xx.c...
compiling half_fit.c...
half_fit.c(97): warning:  #223-D: function "memset" declared implicitly
half_fit.c(102): warning:  #223-D: function "memset" declared implicitly
half_fit.c(139): warning:  #187-D: use of "=" where "==" may have been intended
half_fit.c(89): warning:  #177-D: variable "range" was declared but never referenced
half_fit.c(91): warning:  #177-D: variable "ptr_to_unalloc" was declared but never referenced
half_fit.c(92): warning:  #177-D: variable "ptr_block" was declared but never referenced
half_fit.c(178): warning:  #177-D: variable "curr_address" was declared but never referenced
half_fit.c(304): warning:  #223-D: function "memset" declared implicitly
half_fit.c(329): warning:  #117-D: non-void function "half_alloc" should return a value
compiling half_fit_test.c...
half_fit_test.c(10): warning:  #47-D: incompatible redefinition of macro "smlst_blk_sz" (declared at line 11 of "half_fit.h")
half_fit_test.c(12): warning:  #47-D: incompatible redefinition of macro "lrgst_blk_sz" (declared at line 13 of "half_fit.h")
half_fit_test.c(380): warning:  #177-D: variable "line" was declared but never referenced
half_fit_test.c(523): warning:  #177-D: variable "ptr1" was declared but never referenced
half_fit_test.c(523): warning:  #177-D: variable "ptr2" was declared but never referenced
half_fit_test.c(523): warning:  #177-D: variable "ptr3" was declared but never referenced
compiling uart.c...
compiling Retarget.c...
linking...
Program Size: Code=6200 RO-data=220 RW-data=60 ZI-data=41180  
"project2new.axf" - 0 Error(s), 15 Warning(s).
Load "C:\\Users\\a5ravi\\Desktop\\project - fresh implementation\\project2new.AXF" 
Erase Done.
Programming Done.
Verify OK.
Rebuild target 'Target 1'
assembling startup_LPC17xx.s...
compiling system_LPC17xx.c...
compiling half_fit.c...
half_fit.c(97): warning:  #223-D: function "memset" declared implicitly
half_fit.c(102): warning:  #223-D: function "memset" declared implicitly
half_fit.c(139): warning:  #187-D: use of "=" where "==" may have been intended
half_fit.c(89): warning:  #177-D: variable "range" was declared but never referenced
half_fit.c(91): warning:  #177-D: variable "ptr_to_unalloc" was declared but never referenced
half_fit.c(92): warning:  #177-D: variable "ptr_block" was declared but never referenced
half_fit.c(178): warning:  #177-D: variable "curr_address" was declared but never referenced
half_fit.c(304): warning:  #223-D: function "memset" declared implicitly
half_fit.c(329): warning:  #117-D: non-void function "half_alloc" should return a value
compiling half_fit_test.c...
half_fit_test.c(10): warning:  #47-D: incompatible redefinition of macro "smlst_blk_sz" (declared at line 11 of "half_fit.h")
half_fit_test.c(12): warning:  #47-D: incompatible redefinition of macro "lrgst_blk_sz" (declared at line 13 of "half_fit.h")
half_fit_test.c(379): warning:  #177-D: variable "line" was declared but never referenced
half_fit_test.c(522): warning:  #177-D: variable "ptr1" was declared but never referenced
half_fit_test.c(522): warning:  #177-D: variable "ptr2" was declared but never referenced
half_fit_test.c(522): warning:  #177-D: variable "ptr3" was declared but never referenced
compiling uart.c...
compiling Retarget.c...
linking...
Program Size: Code=6200 RO-data=220 RW-data=60 ZI-data=41180  
"project2new.axf" - 0 Error(s), 15 Warning(s).
Load "C:\\Users\\a5ravi\\Desktop\\project - fresh implementation\\project2new.AXF" 
Erase Done.
Programming Done.
Verify OK.
Rebuild target 'Target 1'
assembling startup_LPC17xx.s...
compiling system_LPC17xx.c...
compiling half_fit.c...
half_fit.c(97): warning:  #223-D: function "memset" declared implicitly
half_fit.c(102): warning:  #223-D: function "memset" declared implicitly
half_fit.c(139): warning:  #187-D: use of "=" where "==" may have been intended
half_fit.c(89): warning:  #177-D: variable "range" was declared but never referenced
half_fit.c(91): warning:  #177-D: variable "ptr_to_unalloc" was declared but never referenced
half_fit.c(92): warning:  #177-D: variable "ptr_block" was declared but never referenced
half_fit.c(178): warning:  #177-D: variable "curr_address" was declared but never referenced
half_fit.c(304): warning:  #223-D: function "memset" declared implicitly
half_fit.c(329): warning:  #117-D: non-void function "half_alloc" should return a value
compiling half_fit_test.c...
half_fit_test.c(10): warning:  #47-D: incompatible redefinition of macro "smlst_blk_sz" (declared at line 11 of "half_fit.h")
half_fit_test.c(12): warning:  #47-D: incompatible redefinition of macro "lrgst_blk_sz" (declared at line 13 of "half_fit.h")
half_fit_test.c(379): warning:  #177-D: variable "line" was declared but never referenced
half_fit_test.c(522): warning:  #177-D: variable "ptr1" was declared but never referenced
half_fit_test.c(522): warning:  #177-D: variable "ptr2" was declared but never referenced
half_fit_test.c(522): warning:  #177-D: variable "ptr3" was declared but never referenced
compiling uart.c...
compiling Retarget.c...
linking...
Program Size: Code=6200 RO-data=220 RW-data=60 ZI-data=41180  
"project2new.axf" - 0 Error(s), 15 Warning(s).
Load "C:\\Users\\a5ravi\\Desktop\\project - fresh implementation\\project2new.AXF" 
Erase Done.
Programming Done.
Verify OK.
Rebuild target 'Target 1'
assembling startup_LPC17xx.s...
compiling system_LPC17xx.c...
compiling half_fit.c...
half_fit.c(97): warning:  #223-D: function "memset" declared implicitly
half_fit.c(102): warning:  #223-D: function "memset" declared implicitly
half_fit.c(139): warning:  #187-D: use of "=" where "==" may have been intended
half_fit.c(89): warning:  #177-D: variable "range" was declared but never referenced
half_fit.c(91): warning:  #177-D: variable "ptr_to_unalloc" was declared but never referenced
half_fit.c(92): warning:  #177-D: variable "ptr_block" was declared but never referenced
half_fit.c(178): warning:  #177-D: variable "curr_address" was declared but never referenced
half_fit.c(304): warning:  #223-D: function "memset" declared implicitly
half_fit.c(329): warning:  #117-D: non-void function "half_alloc" should return a value
compiling half_fit_test.c...
half_fit_test.c(10): warning:  #47-D: incompatible redefinition of macro "smlst_blk_sz" (declared at line 11 of "half_fit.h")
half_fit_test.c(12): warning:  #47-D: incompatible redefinition of macro "lrgst_blk_sz" (declared at line 13 of "half_fit.h")
half_fit_test.c(379): warning:  #177-D: variable "line" was declared but never referenced
half_fit_test.c(522): warning:  #177-D: variable "ptr1" was declared but never referenced
half_fit_test.c(522): warning:  #177-D: variable "ptr2" was declared but never referenced
half_fit_test.c(522): warning:  #177-D: variable "ptr3" was declared but never referenced
compiling uart.c...
compiling Retarget.c...
linking...
Program Size: Code=6200 RO-data=220 RW-data=60 ZI-data=41180  
"project2new.axf" - 0 Error(s), 15 Warning(s).
Rebuild target 'Target 1'
assembling startup_LPC17xx.s...
compiling system_LPC17xx.c...
compiling half_fit.c...
half_fit.c(75): error:  #144: a value of type "block_header *" cannot be used to initialize an entity of type "unalloc_header *"
half_fit.c(98): warning:  #223-D: function "memset" declared implicitly
half_fit.c(103): warning:  #223-D: function "memset" declared implicitly
half_fit.c(140): warning:  #187-D: use of "=" where "==" may have been intended
half_fit.c(90): warning:  #177-D: variable "range" was declared but never referenced
half_fit.c(92): warning:  #177-D: variable "ptr_to_unalloc" was declared but never referenced
half_fit.c(93): warning:  #177-D: variable "ptr_block" was declared but never referenced
half_fit.c(179): warning:  #177-D: variable "curr_address" was declared but never referenced
half_fit.c(305): warning:  #223-D: function "memset" declared implicitly
half_fit.c(330): warning:  #117-D: non-void function "half_alloc" should return a value
compiling half_fit_test.c...
half_fit_test.c(10): warning:  #47-D: incompatible redefinition of macro "smlst_blk_sz" (declared at line 11 of "half_fit.h")
half_fit_test.c(12): warning:  #47-D: incompatible redefinition of macro "lrgst_blk_sz" (declared at line 13 of "half_fit.h")
half_fit_test.c(379): warning:  #177-D: variable "line" was declared but never referenced
half_fit_test.c(522): warning:  #177-D: variable "ptr1" was declared but never referenced
half_fit_test.c(522): warning:  #177-D: variable "ptr2" was declared but never referenced
half_fit_test.c(522): warning:  #177-D: variable "ptr3" was declared but never referenced
compiling uart.c...
compiling Retarget.c...
Target not created
Rebuild target 'Target 1'
assembling startup_LPC17xx.s...
compiling system_LPC17xx.c...
compiling half_fit.c...
half_fit.c(75): error:  #144: a value of type "block_header *" cannot be used to initialize an entity of type "unalloc_header *"
half_fit.c(98): warning:  #223-D: function "memset" declared implicitly
half_fit.c(103): warning:  #223-D: function "memset" declared implicitly
half_fit.c(140): warning:  #187-D: use of "=" where "==" may have been intended
half_fit.c(90): warning:  #177-D: variable "range" was declared but never referenced
half_fit.c(92): warning:  #177-D: variable "ptr_to_unalloc" was declared but never referenced
half_fit.c(93): warning:  #177-D: variable "ptr_block" was declared but never referenced
half_fit.c(179): warning:  #177-D: variable "curr_address" was declared but never referenced
half_fit.c(305): warning:  #223-D: function "memset" declared implicitly
half_fit.c(330): warning:  #117-D: non-void function "half_alloc" should return a value
compiling half_fit_test.c...
half_fit_test.c(10): warning:  #47-D: incompatible redefinition of macro "smlst_blk_sz" (declared at line 11 of "half_fit.h")
half_fit_test.c(12): warning:  #47-D: incompatible redefinition of macro "lrgst_blk_sz" (declared at line 13 of "half_fit.h")
half_fit_test.c(379): warning:  #177-D: variable "line" was declared but never referenced
half_fit_test.c(522): warning:  #177-D: variable "ptr1" was declared but never referenced
half_fit_test.c(522): warning:  #177-D: variable "ptr2" was declared but never referenced
half_fit_test.c(522): warning:  #177-D: variable "ptr3" was declared but never referenced
compiling uart.c...
compiling Retarget.c...
Target not created
Rebuild target 'Target 1'
assembling startup_LPC17xx.s...
compiling system_LPC17xx.c...
compiling half_fit.c...
half_fit.c(75): error:  #144: a value of type "block_header *" cannot be used to initialize an entity of type "unalloc_header *"
half_fit.c(98): warning:  #223-D: function "memset" declared implicitly
half_fit.c(103): warning:  #223-D: function "memset" declared implicitly
half_fit.c(140): warning:  #187-D: use of "=" where "==" may have been intended
half_fit.c(90): warning:  #177-D: variable "range" was declared but never referenced
half_fit.c(92): warning:  #177-D: variable "ptr_to_unalloc" was declared but never referenced
half_fit.c(93): warning:  #177-D: variable "ptr_block" was declared but never referenced
half_fit.c(179): warning:  #177-D: variable "curr_address" was declared but never referenced
half_fit.c(305): warning:  #223-D: function "memset" declared implicitly
half_fit.c(330): warning:  #117-D: non-void function "half_alloc" should return a value
compiling half_fit_test.c...
half_fit_test.c(10): warning:  #47-D: incompatible redefinition of macro "smlst_blk_sz" (declared at line 11 of "half_fit.h")
half_fit_test.c(12): warning:  #47-D: incompatible redefinition of macro "lrgst_blk_sz" (declared at line 13 of "half_fit.h")
half_fit_test.c(379): warning:  #177-D: variable "line" was declared but never referenced
half_fit_test.c(522): warning:  #177-D: variable "ptr1" was declared but never referenced
half_fit_test.c(522): warning:  #177-D: variable "ptr2" was declared but never referenced
half_fit_test.c(522): warning:  #177-D: variable "ptr3" was declared but never referenced
compiling uart.c...
compiling Retarget.c...
Target not created
Rebuild target 'Target 1'
assembling startup_LPC17xx.s...
compiling system_LPC17xx.c...
compiling half_fit.c...
half_fit.c(98): warning:  #223-D: function "memset" declared implicitly
half_fit.c(103): warning:  #223-D: function "memset" declared implicitly
half_fit.c(140): warning:  #187-D: use of "=" where "==" may have been intended
half_fit.c(90): warning:  #177-D: variable "range" was declared but never referenced
half_fit.c(92): warning:  #177-D: variable "ptr_to_unalloc" was declared but never referenced
half_fit.c(93): warning:  #177-D: variable "ptr_block" was declared but never referenced
half_fit.c(179): warning:  #177-D: variable "curr_address" was declared but never referenced
half_fit.c(305): warning:  #223-D: function "memset" declared implicitly
half_fit.c(330): warning:  #117-D: non-void function "half_alloc" should return a value
compiling half_fit_test.c...
half_fit_test.c(10): warning:  #47-D: incompatible redefinition of macro "smlst_blk_sz" (declared at line 11 of "half_fit.h")
half_fit_test.c(12): warning:  #47-D: incompatible redefinition of macro "lrgst_blk_sz" (declared at line 13 of "half_fit.h")
half_fit_test.c(379): warning:  #177-D: variable "line" was declared but never referenced
half_fit_test.c(522): warning:  #177-D: variable "ptr1" was declared but never referenced
half_fit_test.c(522): warning:  #177-D: variable "ptr2" was declared but never referenced
half_fit_test.c(522): warning:  #177-D: variable "ptr3" was declared but never referenced
compiling uart.c...
compiling Retarget.c...
linking...
Program Size: Code=6204 RO-data=220 RW-data=60 ZI-data=41180  
"project2new.axf" - 0 Error(s), 15 Warning(s).
Rebuild target 'Target 1'
assembling startup_LPC17xx.s...
compiling system_LPC17xx.c...
compiling half_fit.c...
half_fit.c(98): warning:  #223-D: function "memset" declared implicitly
half_fit.c(103): warning:  #223-D: function "memset" declared implicitly
half_fit.c(140): warning:  #187-D: use of "=" where "==" may have been intended
half_fit.c(90): warning:  #177-D: variable "range" was declared but never referenced
half_fit.c(92): warning:  #177-D: variable "ptr_to_unalloc" was declared but never referenced
half_fit.c(93): warning:  #177-D: variable "ptr_block" was declared but never referenced
half_fit.c(179): warning:  #177-D: variable "curr_address" was declared but never referenced
half_fit.c(305): warning:  #223-D: function "memset" declared implicitly
half_fit.c(330): warning:  #117-D: non-void function "half_alloc" should return a value
compiling half_fit_test.c...
half_fit_test.c(10): warning:  #47-D: incompatible redefinition of macro "smlst_blk_sz" (declared at line 11 of "half_fit.h")
half_fit_test.c(12): warning:  #47-D: incompatible redefinition of macro "lrgst_blk_sz" (declared at line 13 of "half_fit.h")
half_fit_test.c(379): warning:  #177-D: variable "line" was declared but never referenced
half_fit_test.c(522): warning:  #177-D: variable "ptr1" was declared but never referenced
half_fit_test.c(522): warning:  #177-D: variable "ptr2" was declared but never referenced
half_fit_test.c(522): warning:  #177-D: variable "ptr3" was declared but never referenced
compiling uart.c...
compiling Retarget.c...
linking...
Program Size: Code=6204 RO-data=220 RW-data=60 ZI-data=41180  
"project2new.axf" - 0 Error(s), 15 Warning(s).
Load "C:\\Users\\a5ravi\\Desktop\\project - fresh implementation\\project2new.AXF" 
Erase Done.
Programming Done.
Verify OK.
Rebuild target 'Target 1'
assembling startup_LPC17xx.s...
compiling system_LPC17xx.c...
compiling half_fit.c...
half_fit.c(76): error:  #20: identifier "print_bucket_structure" is undefined
half_fit.c(77): error:  #65: expected a ";"
half_fit.c(85): warning:  #12-D: parsing restarts here after previous syntax error
half_fit.c(75): warning:  #177-D: variable "u_next" was declared but never referenced
half_fit.c(99): warning:  #223-D: function "memset" declared implicitly
half_fit.c(104): warning:  #223-D: function "memset" declared implicitly
half_fit.c(141): warning:  #187-D: use of "=" where "==" may have been intended
half_fit.c(91): warning:  #177-D: variable "range" was declared but never referenced
half_fit.c(93): warning:  #177-D: variable "ptr_to_unalloc" was declared but never referenced
half_fit.c(94): warning:  #177-D: variable "ptr_block" was declared but never referenced
half_fit.c(180): warning:  #177-D: variable "curr_address" was declared but never referenced
half_fit.c(306): warning:  #223-D: function "memset" declared implicitly
half_fit.c(331): warning:  #117-D: non-void function "half_alloc" should return a value
compiling half_fit_test.c...
half_fit_test.c(10): warning:  #47-D: incompatible redefinition of macro "smlst_blk_sz" (declared at line 11 of "half_fit.h")
half_fit_test.c(12): warning:  #47-D: incompatible redefinition of macro "lrgst_blk_sz" (declared at line 13 of "half_fit.h")
half_fit_test.c(379): warning:  #177-D: variable "line" was declared but never referenced
half_fit_test.c(522): warning:  #177-D: variable "ptr1" was declared but never referenced
half_fit_test.c(522): warning:  #177-D: variable "ptr2" was declared but never referenced
half_fit_test.c(522): warning:  #177-D: variable "ptr3" was declared but never referenced
compiling uart.c...
compiling Retarget.c...
Target not created
Rebuild target 'Target 1'
assembling startup_LPC17xx.s...
compiling system_LPC17xx.c...
compiling half_fit.c...
half_fit.c(76): warning:  #223-D: function "print_bucket_structure" declared implicitly
half_fit.c(99): warning:  #223-D: function "memset" declared implicitly
half_fit.c(104): warning:  #223-D: function "memset" declared implicitly
half_fit.c(141): warning:  #187-D: use of "=" where "==" may have been intended
half_fit.c(91): warning:  #177-D: variable "range" was declared but never referenced
half_fit.c(93): warning:  #177-D: variable "ptr_to_unalloc" was declared but never referenced
half_fit.c(94): warning:  #177-D: variable "ptr_block" was declared but never referenced
half_fit.c(162): error:  #159: declaration is incompatible with previous "print_bucket_structure" (declared at line 76)
half_fit.c(180): warning:  #177-D: variable "curr_address" was declared but never referenced
half_fit.c(306): warning:  #223-D: function "memset" declared implicitly
half_fit.c(331): warning:  #117-D: non-void function "half_alloc" should return a value
compiling half_fit_test.c...
half_fit_test.c(10): warning:  #47-D: incompatible redefinition of macro "smlst_blk_sz" (declared at line 11 of "half_fit.h")
half_fit_test.c(12): warning:  #47-D: incompatible redefinition of macro "lrgst_blk_sz" (declared at line 13 of "half_fit.h")
half_fit_test.c(379): warning:  #177-D: variable "line" was declared but never referenced
half_fit_test.c(522): warning:  #177-D: variable "ptr1" was declared but never referenced
half_fit_test.c(522): warning:  #177-D: variable "ptr2" was declared but never referenced
half_fit_test.c(522): warning:  #177-D: variable "ptr3" was declared but never referenced
compiling uart.c...
compiling Retarget.c...
Target not created
Rebuild target 'Target 1'
assembling startup_LPC17xx.s...
compiling system_LPC17xx.c...
compiling half_fit.c...
half_fit.c(111): warning:  #223-D: function "memset" declared implicitly
half_fit.c(116): warning:  #223-D: function "memset" declared implicitly
half_fit.c(153): warning:  #187-D: use of "=" where "==" may have been intended
half_fit.c(103): warning:  #177-D: variable "range" was declared but never referenced
half_fit.c(105): warning:  #177-D: variable "ptr_to_unalloc" was declared but never referenced
half_fit.c(106): warning:  #177-D: variable "ptr_block" was declared but never referenced
half_fit.c(181): warning:  #177-D: variable "curr_address" was declared but never referenced
half_fit.c(307): warning:  #223-D: function "memset" declared implicitly
half_fit.c(332): warning:  #117-D: non-void function "half_alloc" should return a value
compiling half_fit_test.c...
half_fit_test.c(10): warning:  #47-D: incompatible redefinition of macro "smlst_blk_sz" (declared at line 11 of "half_fit.h")
half_fit_test.c(12): warning:  #47-D: incompatible redefinition of macro "lrgst_blk_sz" (declared at line 13 of "half_fit.h")
half_fit_test.c(379): warning:  #177-D: variable "line" was declared but never referenced
half_fit_test.c(522): warning:  #177-D: variable "ptr1" was declared but never referenced
half_fit_test.c(522): warning:  #177-D: variable "ptr2" was declared but never referenced
half_fit_test.c(522): warning:  #177-D: variable "ptr3" was declared but never referenced
compiling uart.c...
compiling Retarget.c...
linking...
Program Size: Code=6208 RO-data=220 RW-data=60 ZI-data=41180  
"project2new.axf" - 0 Error(s), 15 Warning(s).
Load "C:\\Users\\a5ravi\\Desktop\\project - fresh implementation\\project2new.AXF" 
Erase Done.
Programming Done.
Verify OK.
Rebuild target 'Target 1'
assembling startup_LPC17xx.s...
compiling system_LPC17xx.c...
compiling half_fit.c...
half_fit.c(111): warning:  #223-D: function "memset" declared implicitly
half_fit.c(116): warning:  #223-D: function "memset" declared implicitly
half_fit.c(153): warning:  #187-D: use of "=" where "==" may have been intended
half_fit.c(103): warning:  #177-D: variable "range" was declared but never referenced
half_fit.c(105): warning:  #177-D: variable "ptr_to_unalloc" was declared but never referenced
half_fit.c(106): warning:  #177-D: variable "ptr_block" was declared but never referenced
half_fit.c(181): warning:  #177-D: variable "curr_address" was declared but never referenced
half_fit.c(307): warning:  #223-D: function "memset" declared implicitly
half_fit.c(332): warning:  #117-D: non-void function "half_alloc" should return a value
compiling half_fit_test.c...
half_fit_test.c(10): warning:  #47-D: incompatible redefinition of macro "smlst_blk_sz" (declared at line 11 of "half_fit.h")
half_fit_test.c(12): warning:  #47-D: incompatible redefinition of macro "lrgst_blk_sz" (declared at line 13 of "half_fit.h")
half_fit_test.c(379): warning:  #177-D: variable "line" was declared but never referenced
half_fit_test.c(522): warning:  #177-D: variable "ptr1" was declared but never referenced
half_fit_test.c(522): warning:  #177-D: variable "ptr2" was declared but never referenced
half_fit_test.c(522): warning:  #177-D: variable "ptr3" was declared but never referenced
compiling uart.c...
compiling Retarget.c...
linking...
Program Size: Code=6208 RO-data=220 RW-data=60 ZI-data=41180  
"project2new.axf" - 0 Error(s), 15 Warning(s).
Rebuild target 'Target 1'
assembling startup_LPC17xx.s...
compiling system_LPC17xx.c...
compiling half_fit.c...
half_fit.c(111): warning:  #223-D: function "memset" declared implicitly
half_fit.c(116): warning:  #223-D: function "memset" declared implicitly
half_fit.c(153): warning:  #187-D: use of "=" where "==" may have been intended
half_fit.c(103): warning:  #177-D: variable "range" was declared but never referenced
half_fit.c(105): warning:  #177-D: variable "ptr_to_unalloc" was declared but never referenced
half_fit.c(106): warning:  #177-D: variable "ptr_block" was declared but never referenced
half_fit.c(181): warning:  #177-D: variable "curr_address" was declared but never referenced
half_fit.c(307): warning:  #223-D: function "memset" declared implicitly
half_fit.c(332): warning:  #117-D: non-void function "half_alloc" should return a value
compiling half_fit_test.c...
half_fit_test.c(10): warning:  #47-D: incompatible redefinition of macro "smlst_blk_sz" (declared at line 11 of "half_fit.h")
half_fit_test.c(12): warning:  #47-D: incompatible redefinition of macro "lrgst_blk_sz" (declared at line 13 of "half_fit.h")
half_fit_test.c(379): warning:  #177-D: variable "line" was declared but never referenced
half_fit_test.c(522): warning:  #177-D: variable "ptr1" was declared but never referenced
half_fit_test.c(522): warning:  #177-D: variable "ptr2" was declared but never referenced
half_fit_test.c(522): warning:  #177-D: variable "ptr3" was declared but never referenced
compiling uart.c...
compiling Retarget.c...
linking...
Program Size: Code=6208 RO-data=220 RW-data=60 ZI-data=41180  
"project2new.axf" - 0 Error(s), 15 Warning(s).
Rebuild target 'Target 1'
assembling startup_LPC17xx.s...
compiling system_LPC17xx.c...
compiling half_fit.c...
half_fit.c(111): warning:  #223-D: function "memset" declared implicitly
half_fit.c(116): warning:  #223-D: function "memset" declared implicitly
half_fit.c(153): warning:  #187-D: use of "=" where "==" may have been intended
half_fit.c(103): warning:  #177-D: variable "range" was declared but never referenced
half_fit.c(105): warning:  #177-D: variable "ptr_to_unalloc" was declared but never referenced
half_fit.c(106): warning:  #177-D: variable "ptr_block" was declared but never referenced
half_fit.c(181): warning:  #177-D: variable "curr_address" was declared but never referenced
half_fit.c(307): warning:  #223-D: function "memset" declared implicitly
half_fit.c(332): warning:  #117-D: non-void function "half_alloc" should return a value
compiling half_fit_test.c...
half_fit_test.c(10): warning:  #47-D: incompatible redefinition of macro "smlst_blk_sz" (declared at line 11 of "half_fit.h")
half_fit_test.c(12): warning:  #47-D: incompatible redefinition of macro "lrgst_blk_sz" (declared at line 13 of "half_fit.h")
half_fit_test.c(379): warning:  #177-D: variable "line" was declared but never referenced
half_fit_test.c(522): warning:  #177-D: variable "ptr1" was declared but never referenced
half_fit_test.c(522): warning:  #177-D: variable "ptr2" was declared but never referenced
half_fit_test.c(522): warning:  #177-D: variable "ptr3" was declared but never referenced
compiling uart.c...
compiling Retarget.c...
linking...
Program Size: Code=6208 RO-data=220 RW-data=60 ZI-data=41180  
"project2new.axf" - 0 Error(s), 15 Warning(s).
Rebuild target 'Target 1'
assembling startup_LPC17xx.s...
compiling system_LPC17xx.c...
compiling half_fit.c...
half_fit.c(111): warning:  #223-D: function "memset" declared implicitly
half_fit.c(116): warning:  #223-D: function "memset" declared implicitly
half_fit.c(153): warning:  #187-D: use of "=" where "==" may have been intended
half_fit.c(103): warning:  #177-D: variable "range" was declared but never referenced
half_fit.c(105): warning:  #177-D: variable "ptr_to_unalloc" was declared but never referenced
half_fit.c(106): warning:  #177-D: variable "ptr_block" was declared but never referenced
half_fit.c(181): warning:  #177-D: variable "curr_address" was declared but never referenced
half_fit.c(307): warning:  #223-D: function "memset" declared implicitly
half_fit.c(332): warning:  #117-D: non-void function "half_alloc" should return a value
compiling half_fit_test.c...
half_fit_test.c(10): warning:  #47-D: incompatible redefinition of macro "smlst_blk_sz" (declared at line 11 of "half_fit.h")
half_fit_test.c(12): warning:  #47-D: incompatible redefinition of macro "lrgst_blk_sz" (declared at line 13 of "half_fit.h")
half_fit_test.c(379): warning:  #177-D: variable "line" was declared but never referenced
half_fit_test.c(522): warning:  #177-D: variable "ptr1" was declared but never referenced
half_fit_test.c(522): warning:  #177-D: variable "ptr2" was declared but never referenced
half_fit_test.c(522): warning:  #177-D: variable "ptr3" was declared but never referenced
compiling uart.c...
compiling Retarget.c...
linking...
Program Size: Code=6144 RO-data=220 RW-data=60 ZI-data=41180  
"project2new.axf" - 0 Error(s), 15 Warning(s).
Rebuild target 'Target 1'
assembling startup_LPC17xx.s...
compiling system_LPC17xx.c...
compiling half_fit.c...
half_fit.c(111): warning:  #223-D: function "memset" declared implicitly
half_fit.c(116): warning:  #223-D: function "memset" declared implicitly
half_fit.c(103): warning:  #177-D: variable "range" was declared but never referenced
half_fit.c(105): warning:  #177-D: variable "ptr_to_unalloc" was declared but never referenced
half_fit.c(106): warning:  #177-D: variable "ptr_block" was declared but never referenced
half_fit.c(182): warning:  #177-D: variable "curr_address" was declared but never referenced
half_fit.c(308): warning:  #223-D: function "memset" declared implicitly
half_fit.c(333): warning:  #117-D: non-void function "half_alloc" should return a value
compiling half_fit_test.c...
half_fit_test.c(10): warning:  #47-D: incompatible redefinition of macro "smlst_blk_sz" (declared at line 11 of "half_fit.h")
half_fit_test.c(12): warning:  #47-D: incompatible redefinition of macro "lrgst_blk_sz" (declared at line 13 of "half_fit.h")
half_fit_test.c(379): warning:  #177-D: variable "line" was declared but never referenced
half_fit_test.c(522): warning:  #177-D: variable "ptr1" was declared but never referenced
half_fit_test.c(522): warning:  #177-D: variable "ptr2" was declared but never referenced
half_fit_test.c(522): warning:  #177-D: variable "ptr3" was declared but never referenced
compiling uart.c...
compiling Retarget.c...
linking...
Program Size: Code=6144 RO-data=220 RW-data=60 ZI-data=41180  
"project2new.axf" - 0 Error(s), 14 Warning(s).
Load "C:\\Users\\a5ravi\\Desktop\\project - fresh implementation\\project2new.AXF" 
Erase Done.
Programming Done.
Verify OK.
Rebuild target 'Target 1'
assembling startup_LPC17xx.s...
compiling system_LPC17xx.c...
compiling half_fit.c...
half_fit.c(111): warning:  #223-D: function "memset" declared implicitly
half_fit.c(116): warning:  #223-D: function "memset" declared implicitly
half_fit.c(103): warning:  #177-D: variable "range" was declared but never referenced
half_fit.c(105): warning:  #177-D: variable "ptr_to_unalloc" was declared but never referenced
half_fit.c(106): warning:  #177-D: variable "ptr_block" was declared but never referenced
half_fit.c(182): warning:  #177-D: variable "curr_address" was declared but never referenced
half_fit.c(308): warning:  #223-D: function "memset" declared implicitly
half_fit.c(333): error:  #120: return value type does not match the function type
compiling half_fit_test.c...
half_fit_test.c(10): warning:  #47-D: incompatible redefinition of macro "smlst_blk_sz" (declared at line 11 of "half_fit.h")
half_fit_test.c(12): warning:  #47-D: incompatible redefinition of macro "lrgst_blk_sz" (declared at line 13 of "half_fit.h")
half_fit_test.c(379): warning:  #177-D: variable "line" was declared but never referenced
half_fit_test.c(522): warning:  #177-D: variable "ptr1" was declared but never referenced
half_fit_test.c(522): warning:  #177-D: variable "ptr2" was declared but never referenced
half_fit_test.c(522): warning:  #177-D: variable "ptr3" was declared but never referenced
compiling uart.c...
compiling Retarget.c...
Target not created
Rebuild target 'Target 1'
assembling startup_LPC17xx.s...
compiling system_LPC17xx.c...
compiling half_fit.c...
half_fit.c(111): warning:  #223-D: function "memset" declared implicitly
half_fit.c(116): warning:  #223-D: function "memset" declared implicitly
half_fit.c(103): warning:  #177-D: variable "range" was declared but never referenced
half_fit.c(105): warning:  #177-D: variable "ptr_to_unalloc" was declared but never referenced
half_fit.c(106): warning:  #177-D: variable "ptr_block" was declared but never referenced
half_fit.c(182): warning:  #177-D: variable "curr_address" was declared but never referenced
half_fit.c(308): warning:  #223-D: function "memset" declared implicitly
compiling half_fit_test.c...
half_fit_test.c(10): warning:  #47-D: incompatible redefinition of macro "smlst_blk_sz" (declared at line 11 of "half_fit.h")
half_fit_test.c(12): warning:  #47-D: incompatible redefinition of macro "lrgst_blk_sz" (declared at line 13 of "half_fit.h")
half_fit_test.c(379): warning:  #177-D: variable "line" was declared but never referenced
half_fit_test.c(522): warning:  #177-D: variable "ptr1" was declared but never referenced
half_fit_test.c(522): warning:  #177-D: variable "ptr2" was declared but never referenced
half_fit_test.c(522): warning:  #177-D: variable "ptr3" was declared but never referenced
compiling uart.c...
compiling Retarget.c...
linking...
Program Size: Code=6144 RO-data=220 RW-data=60 ZI-data=41180  
"project2new.axf" - 0 Error(s), 13 Warning(s).
Load "C:\\Users\\a5ravi\\Desktop\\project - fresh implementation\\project2new.AXF" 
Erase Done.
Programming Done.
Verify OK.
Rebuild target 'Target 1'
assembling startup_LPC17xx.s...
compiling system_LPC17xx.c...
compiling half_fit.c...
half_fit.c(111): warning:  #223-D: function "memset" declared implicitly
half_fit.c(116): warning:  #223-D: function "memset" declared implicitly
half_fit.c(103): warning:  #177-D: variable "range" was declared but never referenced
half_fit.c(105): warning:  #177-D: variable "ptr_to_unalloc" was declared but never referenced
half_fit.c(106): warning:  #177-D: variable "ptr_block" was declared but never referenced
half_fit.c(182): warning:  #177-D: variable "curr_address" was declared but never referenced
half_fit.c(308): warning:  #223-D: function "memset" declared implicitly
compiling half_fit_test.c...
half_fit_test.c(10): warning:  #47-D: incompatible redefinition of macro "smlst_blk_sz" (declared at line 11 of "half_fit.h")
half_fit_test.c(12): warning:  #47-D: incompatible redefinition of macro "lrgst_blk_sz" (declared at line 13 of "half_fit.h")
half_fit_test.c(379): warning:  #177-D: variable "line" was declared but never referenced
half_fit_test.c(522): warning:  #177-D: variable "ptr1" was declared but never referenced
half_fit_test.c(522): warning:  #177-D: variable "ptr2" was declared but never referenced
half_fit_test.c(522): warning:  #177-D: variable "ptr3" was declared but never referenced
compiling uart.c...
compiling Retarget.c...
linking...
Program Size: Code=6208 RO-data=220 RW-data=60 ZI-data=41180  
"project2new.axf" - 0 Error(s), 13 Warning(s).
Load "C:\\Users\\a5ravi\\Desktop\\project - fresh implementation\\project2new.AXF" 
Erase Done.
Programming Done.
Verify OK.
Rebuild target 'Target 1'
assembling startup_LPC17xx.s...
compiling system_LPC17xx.c...
compiling half_fit.c...
half_fit.c(111): warning:  #223-D: function "memset" declared implicitly
half_fit.c(116): warning:  #223-D: function "memset" declared implicitly
half_fit.c(103): warning:  #177-D: variable "range" was declared but never referenced
half_fit.c(105): warning:  #177-D: variable "ptr_to_unalloc" was declared but never referenced
half_fit.c(106): warning:  #177-D: variable "ptr_block" was declared but never referenced
half_fit.c(182): warning:  #177-D: variable "curr_address" was declared but never referenced
half_fit.c(308): warning:  #223-D: function "memset" declared implicitly
compiling half_fit_test.c...
half_fit_test.c(10): warning:  #47-D: incompatible redefinition of macro "smlst_blk_sz" (declared at line 11 of "half_fit.h")
half_fit_test.c(12): warning:  #47-D: incompatible redefinition of macro "lrgst_blk_sz" (declared at line 13 of "half_fit.h")
half_fit_test.c(379): warning:  #177-D: variable "line" was declared but never referenced
half_fit_test.c(522): warning:  #177-D: variable "ptr1" was declared but never referenced
half_fit_test.c(522): warning:  #177-D: variable "ptr2" was declared but never referenced
half_fit_test.c(522): warning:  #177-D: variable "ptr3" was declared but never referenced
compiling uart.c...
compiling Retarget.c...
linking...
Program Size: Code=6252 RO-data=220 RW-data=60 ZI-data=41180  
"project2new.axf" - 0 Error(s), 13 Warning(s).
Load "C:\\Users\\a5ravi\\Desktop\\project - fresh implementation\\project2new.AXF" 
Erase Done.
Programming Done.
Verify OK.
Rebuild target 'Target 1'
assembling startup_LPC17xx.s...
compiling system_LPC17xx.c...
compiling half_fit.c...
half_fit.c(111): warning:  #223-D: function "memset" declared implicitly
half_fit.c(116): warning:  #223-D: function "memset" declared implicitly
half_fit.c(103): warning:  #177-D: variable "range" was declared but never referenced
half_fit.c(105): warning:  #177-D: variable "ptr_to_unalloc" was declared but never referenced
half_fit.c(106): warning:  #177-D: variable "ptr_block" was declared but never referenced
half_fit.c(182): warning:  #177-D: variable "curr_address" was declared but never referenced
half_fit.c(308): warning:  #223-D: function "memset" declared implicitly
compiling half_fit_test.c...
half_fit_test.c(10): warning:  #47-D: incompatible redefinition of macro "smlst_blk_sz" (declared at line 11 of "half_fit.h")
half_fit_test.c(12): warning:  #47-D: incompatible redefinition of macro "lrgst_blk_sz" (declared at line 13 of "half_fit.h")
half_fit_test.c(378): warning:  #177-D: variable "line" was declared but never referenced
half_fit_test.c(521): warning:  #177-D: variable "ptr1" was declared but never referenced
half_fit_test.c(521): warning:  #177-D: variable "ptr2" was declared but never referenced
half_fit_test.c(521): warning:  #177-D: variable "ptr3" was declared but never referenced
compiling uart.c...
compiling Retarget.c...
linking...
Program Size: Code=6256 RO-data=220 RW-data=60 ZI-data=41180  
"project2new.axf" - 0 Error(s), 13 Warning(s).
Load "C:\\Users\\a5ravi\\Desktop\\project - fresh implementation\\project2new.AXF" 
Erase Done.
Programming Done.
Verify OK.
Rebuild target 'Target 1'
assembling startup_LPC17xx.s...
compiling system_LPC17xx.c...
compiling half_fit.c...
half_fit.c(111): warning:  #223-D: function "memset" declared implicitly
half_fit.c(116): warning:  #223-D: function "memset" declared implicitly
half_fit.c(103): warning:  #177-D: variable "range" was declared but never referenced
half_fit.c(105): warning:  #177-D: variable "ptr_to_unalloc" was declared but never referenced
half_fit.c(106): warning:  #177-D: variable "ptr_block" was declared but never referenced
half_fit.c(182): warning:  #177-D: variable "curr_address" was declared but never referenced
half_fit.c(309): warning:  #223-D: function "memset" declared implicitly
compiling half_fit_test.c...
half_fit_test.c(10): warning:  #47-D: incompatible redefinition of macro "smlst_blk_sz" (declared at line 11 of "half_fit.h")
half_fit_test.c(12): warning:  #47-D: incompatible redefinition of macro "lrgst_blk_sz" (declared at line 13 of "half_fit.h")
half_fit_test.c(378): warning:  #177-D: variable "line" was declared but never referenced
half_fit_test.c(521): warning:  #177-D: variable "ptr1" was declared but never referenced
half_fit_test.c(521): warning:  #177-D: variable "ptr2" was declared but never referenced
half_fit_test.c(521): warning:  #177-D: variable "ptr3" was declared but never referenced
compiling uart.c...
compiling Retarget.c...
linking...
Program Size: Code=6256 RO-data=220 RW-data=60 ZI-data=41180  
"project2new.axf" - 0 Error(s), 13 Warning(s).
Load "C:\\Users\\a5ravi\\Desktop\\project - fresh implementation\\project2new.AXF" 
Erase Done.
Programming Failed!
Load "C:\\Users\\a5ravi\\Desktop\\project - fresh implementation\\project2new.AXF" 
Erase Done.
Programming Done.
Verify OK.
Rebuild target 'Target 1'
assembling startup_LPC17xx.s...
compiling system_LPC17xx.c...
compiling half_fit.c...
half_fit.c(111): warning:  #223-D: function "memset" declared implicitly
half_fit.c(116): warning:  #223-D: function "memset" declared implicitly
half_fit.c(103): warning:  #177-D: variable "range" was declared but never referenced
half_fit.c(105): warning:  #177-D: variable "ptr_to_unalloc" was declared but never referenced
half_fit.c(106): warning:  #177-D: variable "ptr_block" was declared but never referenced
half_fit.c(182): warning:  #177-D: variable "curr_address" was declared but never referenced
half_fit.c(308): warning:  #223-D: function "memset" declared implicitly
compiling half_fit_test.c...
half_fit_test.c(10): warning:  #47-D: incompatible redefinition of macro "smlst_blk_sz" (declared at line 11 of "half_fit.h")
half_fit_test.c(12): warning:  #47-D: incompatible redefinition of macro "lrgst_blk_sz" (declared at line 13 of "half_fit.h")
half_fit_test.c(378): warning:  #177-D: variable "line" was declared but never referenced
half_fit_test.c(521): warning:  #177-D: variable "ptr1" was declared but never referenced
half_fit_test.c(521): warning:  #177-D: variable "ptr2" was declared but never referenced
half_fit_test.c(521): warning:  #177-D: variable "ptr3" was declared but never referenced
compiling uart.c...
compiling Retarget.c...
linking...
Program Size: Code=6256 RO-data=220 RW-data=60 ZI-data=41180  
"project2new.axf" - 0 Error(s), 13 Warning(s).
Load "C:\\Users\\a5ravi\\Desktop\\project - fresh implementation\\project2new.AXF" 
Erase Done.
Programming Done.
Verify OK.
Rebuild target 'Target 1'
assembling startup_LPC17xx.s...
compiling system_LPC17xx.c...
compiling half_fit.c...
half_fit.c(111): warning:  #223-D: function "memset" declared implicitly
half_fit.c(116): warning:  #223-D: function "memset" declared implicitly
half_fit.c(103): warning:  #177-D: variable "range" was declared but never referenced
half_fit.c(105): warning:  #177-D: variable "ptr_to_unalloc" was declared but never referenced
half_fit.c(106): warning:  #177-D: variable "ptr_block" was declared but never referenced
half_fit.c(182): warning:  #177-D: variable "curr_address" was declared but never referenced
half_fit.c(308): warning:  #223-D: function "memset" declared implicitly
compiling half_fit_test.c...
half_fit_test.c(10): warning:  #47-D: incompatible redefinition of macro "smlst_blk_sz" (declared at line 11 of "half_fit.h")
half_fit_test.c(12): warning:  #47-D: incompatible redefinition of macro "lrgst_blk_sz" (declared at line 13 of "half_fit.h")
half_fit_test.c(378): warning:  #177-D: variable "line" was declared but never referenced
half_fit_test.c(521): warning:  #177-D: variable "ptr1" was declared but never referenced
half_fit_test.c(521): warning:  #177-D: variable "ptr2" was declared but never referenced
half_fit_test.c(521): warning:  #177-D: variable "ptr3" was declared but never referenced
compiling uart.c...
compiling Retarget.c...
linking...
Program Size: Code=6256 RO-data=220 RW-data=60 ZI-data=41180  
"project2new.axf" - 0 Error(s), 13 Warning(s).
Load "C:\\Users\\a5ravi\\Desktop\\project - fresh implementation\\project2new.AXF" 
Erase Done.
Programming Done.
Verify OK.
Rebuild target 'Target 1'
assembling startup_LPC17xx.s...
compiling system_LPC17xx.c...
compiling half_fit.c...
half_fit.c(111): warning:  #223-D: function "memset" declared implicitly
half_fit.c(116): warning:  #223-D: function "memset" declared implicitly
half_fit.c(103): warning:  #177-D: variable "range" was declared but never referenced
half_fit.c(105): warning:  #177-D: variable "ptr_to_unalloc" was declared but never referenced
half_fit.c(106): warning:  #177-D: variable "ptr_block" was declared but never referenced
half_fit.c(182): warning:  #177-D: variable "curr_address" was declared but never referenced
half_fit.c(308): warning:  #223-D: function "memset" declared implicitly
compiling half_fit_test.c...
half_fit_test.c(10): warning:  #47-D: incompatible redefinition of macro "smlst_blk_sz" (declared at line 11 of "half_fit.h")
half_fit_test.c(12): warning:  #47-D: incompatible redefinition of macro "lrgst_blk_sz" (declared at line 13 of "half_fit.h")
half_fit_test.c(378): warning:  #177-D: variable "line" was declared but never referenced
half_fit_test.c(521): warning:  #177-D: variable "ptr1" was declared but never referenced
half_fit_test.c(521): warning:  #177-D: variable "ptr2" was declared but never referenced
half_fit_test.c(521): warning:  #177-D: variable "ptr3" was declared but never referenced
compiling uart.c...
compiling Retarget.c...
linking...
Program Size: Code=6256 RO-data=220 RW-data=60 ZI-data=41180  
"project2new.axf" - 0 Error(s), 13 Warning(s).
Load "C:\\Users\\a5ravi\\Desktop\\project - fresh implementation\\project2new.AXF" 
Erase Done.
Programming Done.
Verify OK.
Rebuild target 'Target 1'
assembling startup_LPC17xx.s...
compiling system_LPC17xx.c...
compiling half_fit.c...
half_fit.c(111): warning:  #223-D: function "memset" declared implicitly
half_fit.c(116): warning:  #223-D: function "memset" declared implicitly
half_fit.c(103): warning:  #177-D: variable "range" was declared but never referenced
half_fit.c(105): warning:  #177-D: variable "ptr_to_unalloc" was declared but never referenced
half_fit.c(106): warning:  #177-D: variable "ptr_block" was declared but never referenced
half_fit.c(182): warning:  #177-D: variable "curr_address" was declared but never referenced
half_fit.c(308): warning:  #223-D: function "memset" declared implicitly
compiling half_fit_test.c...
half_fit_test.c(10): warning:  #47-D: incompatible redefinition of macro "smlst_blk_sz" (declared at line 11 of "half_fit.h")
half_fit_test.c(12): warning:  #47-D: incompatible redefinition of macro "lrgst_blk_sz" (declared at line 13 of "half_fit.h")
half_fit_test.c(378): warning:  #177-D: variable "line" was declared but never referenced
half_fit_test.c(521): warning:  #177-D: variable "ptr1" was declared but never referenced
half_fit_test.c(521): warning:  #177-D: variable "ptr2" was declared but never referenced
half_fit_test.c(521): warning:  #177-D: variable "ptr3" was declared but never referenced
compiling uart.c...
compiling Retarget.c...
linking...
Program Size: Code=6256 RO-data=220 RW-data=60 ZI-data=41180  
"project2new.axf" - 0 Error(s), 13 Warning(s).
Load "C:\\Users\\a5ravi\\Desktop\\project - fresh implementation\\project2new.AXF" 
Erase Failed!
Load "C:\\Users\\a5ravi\\Desktop\\project - fresh implementation\\project2new.AXF" 
Erase Done.
Programming Done.
Verify OK.
Rebuild target 'Target 1'
assembling startup_LPC17xx.s...
compiling system_LPC17xx.c...
compiling half_fit.c...
half_fit.c(111): warning:  #223-D: function "memset" declared implicitly
half_fit.c(116): warning:  #223-D: function "memset" declared implicitly
half_fit.c(103): warning:  #177-D: variable "range" was declared but never referenced
half_fit.c(105): warning:  #177-D: variable "ptr_to_unalloc" was declared but never referenced
half_fit.c(106): warning:  #177-D: variable "ptr_block" was declared but never referenced
half_fit.c(209): error:  #29: expected an expression
half_fit.c(210): error:  #65: expected a ";"
half_fit.c(211): error:  #29: expected an expression
half_fit.c(182): warning:  #177-D: variable "curr_address" was declared but never referenced
half_fit.c(309): warning:  #223-D: function "memset" declared implicitly
compiling half_fit_test.c...
half_fit_test.c(10): warning:  #47-D: incompatible redefinition of macro "smlst_blk_sz" (declared at line 11 of "half_fit.h")
half_fit_test.c(12): warning:  #47-D: incompatible redefinition of macro "lrgst_blk_sz" (declared at line 13 of "half_fit.h")
half_fit_test.c(378): warning:  #177-D: variable "line" was declared but never referenced
half_fit_test.c(521): warning:  #177-D: variable "ptr1" was declared but never referenced
half_fit_test.c(521): warning:  #177-D: variable "ptr2" was declared but never referenced
half_fit_test.c(521): warning:  #177-D: variable "ptr3" was declared but never referenced
compiling uart.c...
compiling Retarget.c...
Target not created
Load "C:\\Users\\a5ravi\\Desktop\\project - fresh implementation\\project2new.AXF" 
_____^
*** error 56: cannot open file
Rebuild target 'Target 1'
assembling startup_LPC17xx.s...
compiling system_LPC17xx.c...
compiling half_fit.c...
half_fit.c(111): warning:  #223-D: function "memset" declared implicitly
half_fit.c(116): warning:  #223-D: function "memset" declared implicitly
half_fit.c(103): warning:  #177-D: variable "range" was declared but never referenced
half_fit.c(105): warning:  #177-D: variable "ptr_to_unalloc" was declared but never referenced
half_fit.c(106): warning:  #177-D: variable "ptr_block" was declared but never referenced
half_fit.c(210): error:  #65: expected a ";"
half_fit.c(211): error:  #29: expected an expression
half_fit.c(182): warning:  #177-D: variable "curr_address" was declared but never referenced
half_fit.c(309): warning:  #223-D: function "memset" declared implicitly
compiling half_fit_test.c...
half_fit_test.c(10): warning:  #47-D: incompatible redefinition of macro "smlst_blk_sz" (declared at line 11 of "half_fit.h")
half_fit_test.c(12): warning:  #47-D: incompatible redefinition of macro "lrgst_blk_sz" (declared at line 13 of "half_fit.h")
half_fit_test.c(378): warning:  #177-D: variable "line" was declared but never referenced
half_fit_test.c(521): warning:  #177-D: variable "ptr1" was declared but never referenced
half_fit_test.c(521): warning:  #177-D: variable "ptr2" was declared but never referenced
half_fit_test.c(521): warning:  #177-D: variable "ptr3" was declared but never referenced
compiling uart.c...
compiling Retarget.c...
Target not created
Rebuild target 'Target 1'
assembling startup_LPC17xx.s...
compiling system_LPC17xx.c...
compiling half_fit.c...
half_fit.c(111): warning:  #223-D: function "memset" declared implicitly
half_fit.c(116): warning:  #223-D: function "memset" declared implicitly
half_fit.c(103): warning:  #177-D: variable "range" was declared but never referenced
half_fit.c(105): warning:  #177-D: variable "ptr_to_unalloc" was declared but never referenced
half_fit.c(106): warning:  #177-D: variable "ptr_block" was declared but never referenced
half_fit.c(210): error:  #29: expected an expression
half_fit.c(211): error:  #29: expected an expression
half_fit.c(182): warning:  #177-D: variable "curr_address" was declared but never referenced
half_fit.c(309): warning:  #223-D: function "memset" declared implicitly
compiling half_fit_test.c...
half_fit_test.c(10): warning:  #47-D: incompatible redefinition of macro "smlst_blk_sz" (declared at line 11 of "half_fit.h")
half_fit_test.c(12): warning:  #47-D: incompatible redefinition of macro "lrgst_blk_sz" (declared at line 13 of "half_fit.h")
half_fit_test.c(378): warning:  #177-D: variable "line" was declared but never referenced
half_fit_test.c(521): warning:  #177-D: variable "ptr1" was declared but never referenced
half_fit_test.c(521): warning:  #177-D: variable "ptr2" was declared but never referenced
half_fit_test.c(521): warning:  #177-D: variable "ptr3" was declared but never referenced
compiling uart.c...
compiling Retarget.c...
Target not created
Rebuild target 'Target 1'
assembling startup_LPC17xx.s...
compiling system_LPC17xx.c...
compiling half_fit.c...
half_fit.c(111): warning:  #223-D: function "memset" declared implicitly
half_fit.c(116): warning:  #223-D: function "memset" declared implicitly
half_fit.c(103): warning:  #177-D: variable "range" was declared but never referenced
half_fit.c(105): warning:  #177-D: variable "ptr_to_unalloc" was declared but never referenced
half_fit.c(106): warning:  #177-D: variable "ptr_block" was declared but never referenced
half_fit.c(182): warning:  #177-D: variable "curr_address" was declared but never referenced
half_fit.c(309): warning:  #223-D: function "memset" declared implicitly
compiling half_fit_test.c...
half_fit_test.c(10): warning:  #47-D: incompatible redefinition of macro "smlst_blk_sz" (declared at line 11 of "half_fit.h")
half_fit_test.c(12): warning:  #47-D: incompatible redefinition of macro "lrgst_blk_sz" (declared at line 13 of "half_fit.h")
half_fit_test.c(378): warning:  #177-D: variable "line" was declared but never referenced
half_fit_test.c(521): warning:  #177-D: variable "ptr1" was declared but never referenced
half_fit_test.c(521): warning:  #177-D: variable "ptr2" was declared but never referenced
half_fit_test.c(521): warning:  #177-D: variable "ptr3" was declared but never referenced
compiling uart.c...
compiling Retarget.c...
linking...
Program Size: Code=6268 RO-data=220 RW-data=60 ZI-data=41180  
"project2new.axf" - 0 Error(s), 13 Warning(s).
Load "C:\\Users\\a5ravi\\Desktop\\project - fresh implementation\\project2new.AXF" 
Erase Done.
Programming Done.
Verify OK.
Rebuild target 'Target 1'
assembling startup_LPC17xx.s...
compiling system_LPC17xx.c...
compiling half_fit.c...
half_fit.c(111): warning:  #223-D: function "memset" declared implicitly
half_fit.c(116): warning:  #223-D: function "memset" declared implicitly
half_fit.c(103): warning:  #177-D: variable "range" was declared but never referenced
half_fit.c(105): warning:  #177-D: variable "ptr_to_unalloc" was declared but never referenced
half_fit.c(106): warning:  #177-D: variable "ptr_block" was declared but never referenced
half_fit.c(181): warning:  #177-D: variable "extra_header" was declared but never referenced
half_fit.c(182): warning:  #177-D: variable "curr_address" was declared but never referenced
half_fit.c(309): warning:  #223-D: function "memset" declared implicitly
compiling half_fit_test.c...
half_fit_test.c(10): warning:  #47-D: incompatible redefinition of macro "smlst_blk_sz" (declared at line 11 of "half_fit.h")
half_fit_test.c(12): warning:  #47-D: incompatible redefinition of macro "lrgst_blk_sz" (declared at line 13 of "half_fit.h")
half_fit_test.c(378): warning:  #177-D: variable "line" was declared but never referenced
half_fit_test.c(521): warning:  #177-D: variable "ptr1" was declared but never referenced
half_fit_test.c(521): warning:  #177-D: variable "ptr2" was declared but never referenced
half_fit_test.c(521): warning:  #177-D: variable "ptr3" was declared but never referenced
compiling uart.c...
compiling Retarget.c...
linking...
Program Size: Code=6232 RO-data=220 RW-data=60 ZI-data=41180  
"project2new.axf" - 0 Error(s), 14 Warning(s).
Load "C:\\Users\\a5ravi\\Desktop\\project - fresh implementation\\project2new.AXF" 
Erase Done.
Programming Done.
Verify OK.
Rebuild target 'Target 1'
assembling startup_LPC17xx.s...
compiling system_LPC17xx.c...
compiling half_fit.c...
half_fit.c(111): warning:  #223-D: function "memset" declared implicitly
half_fit.c(116): warning:  #223-D: function "memset" declared implicitly
half_fit.c(103): warning:  #177-D: variable "range" was declared but never referenced
half_fit.c(105): warning:  #177-D: variable "ptr_to_unalloc" was declared but never referenced
half_fit.c(106): warning:  #177-D: variable "ptr_block" was declared but never referenced
half_fit.c(182): warning:  #177-D: variable "extra_header" was declared but never referenced
half_fit.c(183): warning:  #177-D: variable "curr_address" was declared but never referenced
half_fit.c(310): warning:  #223-D: function "memset" declared implicitly
compiling half_fit_test.c...
half_fit_test.c(10): warning:  #47-D: incompatible redefinition of macro "smlst_blk_sz" (declared at line 11 of "half_fit.h")
half_fit_test.c(12): warning:  #47-D: incompatible redefinition of macro "lrgst_blk_sz" (declared at line 13 of "half_fit.h")
half_fit_test.c(378): warning:  #177-D: variable "line" was declared but never referenced
half_fit_test.c(521): warning:  #177-D: variable "ptr1" was declared but never referenced
half_fit_test.c(521): warning:  #177-D: variable "ptr2" was declared but never referenced
half_fit_test.c(521): warning:  #177-D: variable "ptr3" was declared but never referenced
compiling uart.c...
compiling Retarget.c...
linking...
Program Size: Code=6236 RO-data=220 RW-data=60 ZI-data=41180  
"project2new.axf" - 0 Error(s), 14 Warning(s).
Load "C:\\Users\\a5ravi\\Desktop\\project - fresh implementation\\project2new.AXF" 
Erase Done.
Programming Done.
Verify OK.
Rebuild target 'Target 1'
assembling startup_LPC17xx.s...
compiling system_LPC17xx.c...
compiling half_fit.c...
half_fit.c(80): error:  #268: declaration may not appear after executable statement in block
half_fit.c(81): error:  #268: declaration may not appear after executable statement in block
half_fit.c(112): warning:  #223-D: function "memset" declared implicitly
half_fit.c(117): warning:  #223-D: function "memset" declared implicitly
half_fit.c(104): warning:  #177-D: variable "range" was declared but never referenced
half_fit.c(106): warning:  #177-D: variable "ptr_to_unalloc" was declared but never referenced
half_fit.c(107): warning:  #177-D: variable "ptr_block" was declared but never referenced
half_fit.c(182): warning:  #177-D: variable "extra_header" was declared but never referenced
half_fit.c(183): warning:  #177-D: variable "curr_address" was declared but never referenced
half_fit.c(310): warning:  #223-D: function "memset" declared implicitly
compiling half_fit_test.c...
half_fit_test.c(10): warning:  #47-D: incompatible redefinition of macro "smlst_blk_sz" (declared at line 11 of "half_fit.h")
half_fit_test.c(12): warning:  #47-D: incompatible redefinition of macro "lrgst_blk_sz" (declared at line 13 of "half_fit.h")
half_fit_test.c(378): warning:  #177-D: variable "line" was declared but never referenced
half_fit_test.c(521): warning:  #177-D: variable "ptr1" was declared but never referenced
half_fit_test.c(521): warning:  #177-D: variable "ptr2" was declared but never referenced
half_fit_test.c(521): warning:  #177-D: variable "ptr3" was declared but never referenced
compiling uart.c...
compiling Retarget.c...
Target not created
Rebuild target 'Target 1'
assembling startup_LPC17xx.s...
compiling system_LPC17xx.c...
compiling half_fit.c...
half_fit.c(112): warning:  #223-D: function "memset" declared implicitly
half_fit.c(117): warning:  #223-D: function "memset" declared implicitly
half_fit.c(104): warning:  #177-D: variable "range" was declared but never referenced
half_fit.c(106): warning:  #177-D: variable "ptr_to_unalloc" was declared but never referenced
half_fit.c(107): warning:  #177-D: variable "ptr_block" was declared but never referenced
half_fit.c(182): warning:  #177-D: variable "extra_header" was declared but never referenced
half_fit.c(183): warning:  #177-D: variable "curr_address" was declared but never referenced
half_fit.c(310): warning:  #223-D: function "memset" declared implicitly
compiling half_fit_test.c...
half_fit_test.c(10): warning:  #47-D: incompatible redefinition of macro "smlst_blk_sz" (declared at line 11 of "half_fit.h")
half_fit_test.c(12): warning:  #47-D: incompatible redefinition of macro "lrgst_blk_sz" (declared at line 13 of "half_fit.h")
half_fit_test.c(378): warning:  #177-D: variable "line" was declared but never referenced
half_fit_test.c(521): warning:  #177-D: variable "ptr1" was declared but never referenced
half_fit_test.c(521): warning:  #177-D: variable "ptr2" was declared but never referenced
half_fit_test.c(521): warning:  #177-D: variable "ptr3" was declared but never referenced
compiling uart.c...
compiling Retarget.c...
linking...
Program Size: Code=6244 RO-data=220 RW-data=60 ZI-data=41180  
"project2new.axf" - 0 Error(s), 14 Warning(s).
Load "C:\\Users\\a5ravi\\Desktop\\project - fresh implementation\\project2new.AXF" 
Erase Done.
Programming Done.
Verify OK.
Rebuild target 'Target 1'
assembling startup_LPC17xx.s...
compiling system_LPC17xx.c...
compiling half_fit.c...
half_fit.c(112): warning:  #223-D: function "memset" declared implicitly
half_fit.c(117): warning:  #223-D: function "memset" declared implicitly
half_fit.c(104): warning:  #177-D: variable "range" was declared but never referenced
half_fit.c(106): warning:  #177-D: variable "ptr_to_unalloc" was declared but never referenced
half_fit.c(107): warning:  #177-D: variable "ptr_block" was declared but never referenced
half_fit.c(182): warning:  #177-D: variable "extra_header" was declared but never referenced
half_fit.c(183): warning:  #177-D: variable "curr_address" was declared but never referenced
half_fit.c(310): warning:  #223-D: function "memset" declared implicitly
compiling half_fit_test.c...
half_fit_test.c(10): warning:  #47-D: incompatible redefinition of macro "smlst_blk_sz" (declared at line 11 of "half_fit.h")
half_fit_test.c(12): warning:  #47-D: incompatible redefinition of macro "lrgst_blk_sz" (declared at line 13 of "half_fit.h")
half_fit_test.c(378): warning:  #177-D: variable "line" was declared but never referenced
half_fit_test.c(521): warning:  #177-D: variable "ptr1" was declared but never referenced
half_fit_test.c(521): warning:  #177-D: variable "ptr2" was declared but never referenced
half_fit_test.c(521): warning:  #177-D: variable "ptr3" was declared but never referenced
compiling uart.c...
compiling Retarget.c...
linking...
Program Size: Code=6244 RO-data=220 RW-data=60 ZI-data=41180  
"project2new.axf" - 0 Error(s), 14 Warning(s).
Build target 'Target 1'
compiling half_fit.c...
half_fit.c(111): warning:  #223-D: function "memset" declared implicitly
half_fit.c(116): warning:  #223-D: function "memset" declared implicitly
half_fit.c(103): warning:  #177-D: variable "range" was declared but never referenced
half_fit.c(105): warning:  #177-D: variable "ptr_to_unalloc" was declared but never referenced
half_fit.c(106): warning:  #177-D: variable "ptr_block" was declared but never referenced
half_fit.c(182): warning:  #177-D: variable "extra_header" was declared but never referenced
half_fit.c(183): warning:  #177-D: variable "curr_address" was declared but never referenced
half_fit.c(310): warning:  #223-D: function "memset" declared implicitly
linking...
Program Size: Code=6236 RO-data=220 RW-data=60 ZI-data=41180  
"project2new.axf" - 0 Error(s), 8 Warning(s).
Rebuild target 'Target 1'
assembling startup_LPC17xx.s...
compiling system_LPC17xx.c...
compiling half_fit.c...
half_fit.c(111): warning:  #223-D: function "memset" declared implicitly
half_fit.c(116): warning:  #223-D: function "memset" declared implicitly
half_fit.c(103): warning:  #177-D: variable "range" was declared but never referenced
half_fit.c(105): warning:  #177-D: variable "ptr_to_unalloc" was declared but never referenced
half_fit.c(106): warning:  #177-D: variable "ptr_block" was declared but never referenced
half_fit.c(182): warning:  #177-D: variable "extra_header" was declared but never referenced
half_fit.c(183): warning:  #177-D: variable "curr_address" was declared but never referenced
half_fit.c(310): warning:  #223-D: function "memset" declared implicitly
compiling half_fit_test.c...
half_fit_test.c(10): warning:  #47-D: incompatible redefinition of macro "smlst_blk_sz" (declared at line 11 of "half_fit.h")
half_fit_test.c(12): warning:  #47-D: incompatible redefinition of macro "lrgst_blk_sz" (declared at line 13 of "half_fit.h")
half_fit_test.c(378): warning:  #177-D: variable "line" was declared but never referenced
half_fit_test.c(521): warning:  #177-D: variable "ptr1" was declared but never referenced
half_fit_test.c(521): warning:  #177-D: variable "ptr2" was declared but never referenced
half_fit_test.c(521): warning:  #177-D: variable "ptr3" was declared but never referenced
compiling uart.c...
compiling Retarget.c...
linking...
Program Size: Code=6236 RO-data=220 RW-data=60 ZI-data=41180  
"project2new.axf" - 0 Error(s), 14 Warning(s).
Load "C:\\Users\\a5ravi\\Desktop\\project - fresh implementation\\project2new.AXF" 
Erase Done.
Programming Done.
Verify OK.
Rebuild target 'Target 1'
assembling startup_LPC17xx.s...
compiling system_LPC17xx.c...
compiling half_fit.c...
half_fit.c(111): warning:  #223-D: function "memset" declared implicitly
half_fit.c(116): warning:  #223-D: function "memset" declared implicitly
half_fit.c(103): warning:  #177-D: variable "range" was declared but never referenced
half_fit.c(105): warning:  #177-D: variable "ptr_to_unalloc" was declared but never referenced
half_fit.c(106): warning:  #177-D: variable "ptr_block" was declared but never referenced
half_fit.c(181): warning:  #177-D: variable "extra_header" was declared but never referenced
half_fit.c(182): warning:  #177-D: variable "curr_address" was declared but never referenced
half_fit.c(310): warning:  #223-D: function "memset" declared implicitly
compiling half_fit_test.c...
half_fit_test.c(10): warning:  #47-D: incompatible redefinition of macro "smlst_blk_sz" (declared at line 11 of "half_fit.h")
half_fit_test.c(12): warning:  #47-D: incompatible redefinition of macro "lrgst_blk_sz" (declared at line 13 of "half_fit.h")
half_fit_test.c(378): warning:  #177-D: variable "line" was declared but never referenced
half_fit_test.c(521): warning:  #177-D: variable "ptr1" was declared but never referenced
half_fit_test.c(521): warning:  #177-D: variable "ptr2" was declared but never referenced
half_fit_test.c(521): warning:  #177-D: variable "ptr3" was declared but never referenced
compiling uart.c...
compiling Retarget.c...
linking...
Program Size: Code=6236 RO-data=220 RW-data=60 ZI-data=41180  
"project2new.axf" - 0 Error(s), 14 Warning(s).
Load "C:\\Users\\a5ravi\\Desktop\\project - fresh implementation\\project2new.AXF" 
Erase Failed!
Rebuild target 'Target 1'
assembling startup_LPC17xx.s...
compiling system_LPC17xx.c...
compiling half_fit.c...
half_fit.c(111): warning:  #223-D: function "memset" declared implicitly
half_fit.c(116): warning:  #223-D: function "memset" declared implicitly
half_fit.c(103): warning:  #177-D: variable "range" was declared but never referenced
half_fit.c(105): warning:  #177-D: variable "ptr_to_unalloc" was declared but never referenced
half_fit.c(106): warning:  #177-D: variable "ptr_block" was declared but never referenced
half_fit.c(181): warning:  #177-D: variable "extra_header" was declared but never referenced
half_fit.c(182): warning:  #177-D: variable "curr_address" was declared but never referenced
half_fit.c(310): warning:  #223-D: function "memset" declared implicitly
compiling half_fit_test.c...
half_fit_test.c(10): warning:  #47-D: incompatible redefinition of macro "smlst_blk_sz" (declared at line 11 of "half_fit.h")
half_fit_test.c(12): warning:  #47-D: incompatible redefinition of macro "lrgst_blk_sz" (declared at line 13 of "half_fit.h")
[...]
half_fit_test.c(12): warning:  #47-D: incompatible redefinition of macro "lrgst_blk_sz" (declared at line 13 of "half_fit.h")
half_fit_test.c(376): warning:  #177-D: variable "line" was declared but never referenced
half_fit_test.c(519): warning:  #177-D: variable "ptr1" was declared but never referenced
half_fit_test.c(519): warning:  #177-D: variable "ptr2" was declared but never referenced
half_fit_test.c(519): warning:  #177-D: variable "ptr3" was declared but never referenced
compiling uart.c...
compiling Retarget.c...
linking...
Program Size: Code=6128 RO-data=220 RW-data=60 ZI-data=41180  
"project2new.axf" - 0 Error(s), 14 Warning(s).
Load "C:\\Users\\a5ravi\\Desktop\\project - fresh implementation\\project2new.AXF" 
Erase Done.
Programming Done.
Verify OK.
Rebuild target 'Target 1'
assembling startup_LPC17xx.s...
compiling system_LPC17xx.c...
compiling half_fit.c...
half_fit.c(113): warning:  #223-D: function "memset" declared implicitly
half_fit.c(118): warning:  #223-D: function "memset" declared implicitly
half_fit.c(105): warning:  #177-D: variable "range" was declared but never referenced
half_fit.c(107): warning:  #177-D: variable "ptr_to_unalloc" was declared but never referenced
half_fit.c(108): warning:  #177-D: variable "ptr_block" was declared but never referenced
half_fit.c(182): warning:  #177-D: variable "extra_header" was declared but never referenced
half_fit.c(183): warning:  #177-D: variable "curr_address" was declared but never referenced
half_fit.c(310): warning:  #223-D: function "memset" declared implicitly
compiling half_fit_test.c...
half_fit_test.c(10): warning:  #47-D: incompatible redefinition of macro "smlst_blk_sz" (declared at line 11 of "half_fit.h")
half_fit_test.c(12): warning:  #47-D: incompatible redefinition of macro "lrgst_blk_sz" (declared at line 13 of "half_fit.h")
half_fit_test.c(376): warning:  #177-D: variable "line" was declared but never referenced
half_fit_test.c(519): warning:  #177-D: variable "ptr1" was declared but never referenced
half_fit_test.c(519): warning:  #177-D: variable "ptr2" was declared but never referenced
half_fit_test.c(519): warning:  #177-D: variable "ptr3" was declared but never referenced
compiling uart.c...
compiling Retarget.c...
linking...
Program Size: Code=6124 RO-data=220 RW-data=60 ZI-data=41180  
"project2new.axf" - 0 Error(s), 14 Warning(s).
Load "C:\\Users\\a5ravi\\Desktop\\project - fresh implementation\\project2new.AXF" 
Erase Done.
Programming Done.
Verify OK.
Rebuild target 'Target 1'
assembling startup_LPC17xx.s...
compiling system_LPC17xx.c...
compiling half_fit.c...
half_fit.c(112): warning:  #223-D: function "memset" declared implicitly
half_fit.c(117): warning:  #223-D: function "memset" declared implicitly
half_fit.c(104): warning:  #177-D: variable "range" was declared but never referenced
half_fit.c(106): warning:  #177-D: variable "ptr_to_unalloc" was declared but never referenced
half_fit.c(107): warning:  #177-D: variable "ptr_block" was declared but never referenced
half_fit.c(181): warning:  #177-D: variable "extra_header" was declared but never referenced
half_fit.c(182): warning:  #177-D: variable "curr_address" was declared but never referenced
half_fit.c(309): warning:  #223-D: function "memset" declared implicitly
compiling half_fit_test.c...
half_fit_test.c(10): warning:  #47-D: incompatible redefinition of macro "smlst_blk_sz" (declared at line 11 of "half_fit.h")
half_fit_test.c(12): warning:  #47-D: incompatible redefinition of macro "lrgst_blk_sz" (declared at line 13 of "half_fit.h")
half_fit_test.c(376): warning:  #177-D: variable "line" was declared but never referenced
half_fit_test.c(519): warning:  #177-D: variable "ptr1" was declared but never referenced
half_fit_test.c(519): warning:  #177-D: variable "ptr2" was declared but never referenced
half_fit_test.c(519): warning:  #177-D: variable "ptr3" was declared but never referenced
compiling uart.c...
compiling Retarget.c...
linking...
Program Size: Code=6124 RO-data=220 RW-data=60 ZI-data=41180  
"project2new.axf" - 0 Error(s), 14 Warning(s).
Load "C:\\Users\\a5ravi\\Desktop\\project - fresh implementation\\project2new.AXF" 
Erase Done.
Programming Done.
Verify OK.
Rebuild target 'Target 1'
assembling startup_LPC17xx.s...
compiling system_LPC17xx.c...
compiling half_fit.c...
half_fit.c(112): warning:  #223-D: function "memset" declared implicitly
half_fit.c(117): warning:  #223-D: function "memset" declared implicitly
half_fit.c(104): warning:  #177-D: variable "range" was declared but never referenced
half_fit.c(106): warning:  #177-D: variable "ptr_to_unalloc" was declared but never referenced
half_fit.c(107): warning:  #177-D: variable "ptr_block" was declared but never referenced
half_fit.c(181): warning:  #177-D: variable "extra_header" was declared but never referenced
half_fit.c(182): warning:  #177-D: variable "curr_address" was declared but never referenced
half_fit.c(309): warning:  #223-D: function "memset" declared implicitly
compiling half_fit_test.c...
half_fit_test.c(10): warning:  #47-D: incompatible redefinition of macro "smlst_blk_sz" (declared at line 11 of "half_fit.h")
half_fit_test.c(12): warning:  #47-D: incompatible redefinition of macro "lrgst_blk_sz" (declared at line 13 of "half_fit.h")
half_fit_test.c(376): warning:  #177-D: variable "line" was declared but never referenced
half_fit_test.c(519): warning:  #177-D: variable "ptr1" was declared but never referenced
half_fit_test.c(519): warning:  #177-D: variable "ptr2" was declared but never referenced
half_fit_test.c(519): warning:  #177-D: variable "ptr3" was declared but never referenced
compiling uart.c...
compiling Retarget.c...
linking...
Program Size: Code=6124 RO-data=220 RW-data=60 ZI-data=41180  
"project2new.axf" - 0 Error(s), 14 Warning(s).
Load "C:\\Users\\a5ravi\\Desktop\\project - fresh implementation\\project2new.AXF" 
Erase Done.
Programming Done.
Verify OK.
Rebuild target 'Target 1'
assembling startup_LPC17xx.s...
compiling system_LPC17xx.c...
compiling half_fit.c...
half_fit.c(71): warning:  #68-D: integer conversion resulted in a change of sign
half_fit.c(73): warning:  #68-D: integer conversion resulted in a change of sign
half_fit.c(111): warning:  #223-D: function "memset" declared implicitly
half_fit.c(116): warning:  #223-D: function "memset" declared implicitly
half_fit.c(103): warning:  #177-D: variable "range" was declared but never referenced
half_fit.c(105): warning:  #177-D: variable "ptr_to_unalloc" was declared but never referenced
half_fit.c(106): warning:  #177-D: variable "ptr_block" was declared but never referenced
half_fit.c(180): warning:  #177-D: variable "extra_header" was declared but never referenced
half_fit.c(181): warning:  #177-D: variable "curr_address" was declared but never referenced
half_fit.c(308): warning:  #223-D: function "memset" declared implicitly
compiling half_fit_test.c...
half_fit_test.c(10): warning:  #47-D: incompatible redefinition of macro "smlst_blk_sz" (declared at line 11 of "half_fit.h")
half_fit_test.c(12): warning:  #47-D: incompatible redefinition of macro "lrgst_blk_sz" (declared at line 13 of "half_fit.h")
half_fit_test.c(376): warning:  #177-D: variable "line" was declared but never referenced
half_fit_test.c(519): warning:  #177-D: variable "ptr1" was declared but never referenced
half_fit_test.c(519): warning:  #177-D: variable "ptr2" was declared but never referenced
half_fit_test.c(519): warning:  #177-D: variable "ptr3" was declared but never referenced
compiling uart.c...
compiling Retarget.c...
linking...
Program Size: Code=6104 RO-data=220 RW-data=60 ZI-data=41180  
"project2new.axf" - 0 Error(s), 16 Warning(s).
Rebuild target 'Target 1'
assembling startup_LPC17xx.s...
compiling system_LPC17xx.c...
compiling half_fit.c...
half_fit.c(71): warning:  #68-D: integer conversion resulted in a change of sign
half_fit.c(73): warning:  #68-D: integer conversion resulted in a change of sign
half_fit.c(112): warning:  #223-D: function "memset" declared implicitly
half_fit.c(117): warning:  #223-D: function "memset" declared implicitly
half_fit.c(104): warning:  #177-D: variable "range" was declared but never referenced
half_fit.c(106): warning:  #177-D: variable "ptr_to_unalloc" was declared but never referenced
half_fit.c(107): warning:  #177-D: variable "ptr_block" was declared but never referenced
half_fit.c(181): warning:  #177-D: variable "extra_header" was declared but never referenced
half_fit.c(182): warning:  #177-D: variable "curr_address" was declared but never referenced
half_fit.c(309): warning:  #223-D: function "memset" declared implicitly
compiling half_fit_test.c...
half_fit_test.c(10): warning:  #47-D: incompatible redefinition of macro "smlst_blk_sz" (declared at line 11 of "half_fit.h")
half_fit_test.c(12): warning:  #47-D: incompatible redefinition of macro "lrgst_blk_sz" (declared at line 13 of "half_fit.h")
half_fit_test.c(376): warning:  #177-D: variable "line" was declared but never referenced
half_fit_test.c(519): warning:  #177-D: variable "ptr1" was declared but never referenced
half_fit_test.c(519): warning:  #177-D: variable "ptr2" was declared but never referenced
half_fit_test.c(519): warning:  #177-D: variable "ptr3" was declared but never referenced
compiling uart.c...
compiling Retarget.c...
linking...
Program Size: Code=6124 RO-data=220 RW-data=60 ZI-data=41180  
"project2new.axf" - 0 Error(s), 16 Warning(s).
Load "C:\\Users\\a5ravi\\Desktop\\project - fresh implementation\\project2new.AXF" 
Erase Done.
Programming Done.
Verify OK.
Rebuild target 'Target 1'
assembling startup_LPC17xx.s...
compiling system_LPC17xx.c...
compiling half_fit.c...
half_fit.c(112): warning:  #223-D: function "memset" declared implicitly
half_fit.c(117): warning:  #223-D: function "memset" declared implicitly
half_fit.c(104): warning:  #177-D: variable "range" was declared but never referenced
half_fit.c(106): warning:  #177-D: variable "ptr_to_unalloc" was declared but never referenced
half_fit.c(107): warning:  #177-D: variable "ptr_block" was declared but never referenced
half_fit.c(181): warning:  #177-D: variable "extra_header" was declared but never referenced
half_fit.c(182): warning:  #177-D: variable "curr_address" was declared but never referenced
half_fit.c(309): warning:  #223-D: function "memset" declared implicitly
compiling half_fit_test.c...
half_fit_test.c(10): warning:  #47-D: incompatible redefinition of macro "smlst_blk_sz" (declared at line 11 of "half_fit.h")
half_fit_test.c(12): warning:  #47-D: incompatible redefinition of macro "lrgst_blk_sz" (declared at line 13 of "half_fit.h")
half_fit_test.c(376): warning:  #177-D: variable "line" was declared but never referenced
half_fit_test.c(519): warning:  #177-D: variable "ptr1" was declared but never referenced
half_fit_test.c(519): warning:  #177-D: variable "ptr2" was declared but never referenced
half_fit_test.c(519): warning:  #177-D: variable "ptr3" was declared but never referenced
compiling uart.c...
compiling Retarget.c...
linking...
Program Size: Code=6116 RO-data=220 RW-data=60 ZI-data=41180  
"project2new.axf" - 0 Error(s), 14 Warning(s).
Load "C:\\Users\\a5ravi\\Desktop\\project - fresh implementation\\project2new.AXF" 
Erase Done.
Programming Done.
Verify OK.
Load "C:\\Users\\a5ravi\\Desktop\\project - fresh implementation\\project2new.AXF" 
Erase Done.
Programming Done.
Verify OK.
Rebuild target 'Target 1'
assembling startup_LPC17xx.s...
compiling system_LPC17xx.c...
compiling half_fit.c...
half_fit.c(112): warning:  #223-D: function "memset" declared implicitly
half_fit.c(117): warning:  #223-D: function "memset" declared implicitly
half_fit.c(104): warning:  #177-D: variable "range" was declared but never referenced
half_fit.c(106): warning:  #177-D: variable "ptr_to_unalloc" was declared but never referenced
half_fit.c(107): warning:  #177-D: variable "ptr_block" was declared but never referenced
half_fit.c(181): warning:  #177-D: variable "extra_header" was declared but never referenced
half_fit.c(182): warning:  #177-D: variable "curr_address" was declared but never referenced
half_fit.c(309): warning:  #223-D: function "memset" declared implicitly
compiling half_fit_test.c...
half_fit_test.c(10): warning:  #47-D: incompatible redefinition of macro "smlst_blk_sz" (declared at line 11 of "half_fit.h")
half_fit_test.c(12): warning:  #47-D: incompatible redefinition of macro "lrgst_blk_sz" (declared at line 13 of "half_fit.h")
half_fit_test.c(376): warning:  #177-D: variable "line" was declared but never referenced
half_fit_test.c(519): warning:  #177-D: variable "ptr1" was declared but never referenced
half_fit_test.c(519): warning:  #177-D: variable "ptr2" was declared but never referenced
half_fit_test.c(519): warning:  #177-D: variable "ptr3" was declared but never referenced
compiling uart.c...
compiling Retarget.c...
linking...
Program Size: Code=6116 RO-data=220 RW-data=60 ZI-data=41180  
"project2new.axf" - 0 Error(s), 14 Warning(s).
Load "C:\\Users\\a5ravi\\Desktop\\project - fresh implementation\\project2new.AXF" 
Erase Done.
Programming Done.
Verify OK.
Rebuild target 'Target 1'
assembling startup_LPC17xx.s...
compiling system_LPC17xx.c...
compiling half_fit.c...
half_fit.c(113): warning:  #223-D: function "memset" declared implicitly
half_fit.c(118): warning:  #223-D: function "memset" declared implicitly
half_fit.c(105): warning:  #177-D: variable "range" was declared but never referenced
half_fit.c(107): warning:  #177-D: variable "ptr_to_unalloc" was declared but never referenced
half_fit.c(108): warning:  #177-D: variable "ptr_block" was declared but never referenced
half_fit.c(182): warning:  #177-D: variable "extra_header" was declared but never referenced
half_fit.c(183): warning:  #177-D: variable "curr_address" was declared but never referenced
half_fit.c(310): warning:  #223-D: function "memset" declared implicitly
compiling half_fit_test.c...
half_fit_test.c(10): warning:  #47-D: incompatible redefinition of macro "smlst_blk_sz" (declared at line 11 of "half_fit.h")
half_fit_test.c(12): warning:  #47-D: incompatible redefinition of macro "lrgst_blk_sz" (declared at line 13 of "half_fit.h")
half_fit_test.c(376): warning:  #177-D: variable "line" was declared but never referenced
half_fit_test.c(519): warning:  #177-D: variable "ptr1" was declared but never referenced
half_fit_test.c(519): warning:  #177-D: variable "ptr2" was declared but never referenced
half_fit_test.c(519): warning:  #177-D: variable "ptr3" was declared but never referenced
compiling uart.c...
compiling Retarget.c...
linking...
Program Size: Code=6116 RO-data=220 RW-data=60 ZI-data=41180  
"project2new.axf" - 0 Error(s), 14 Warning(s).
Load "C:\\Users\\a5ravi\\Desktop\\project - fresh implementation\\project2new.AXF" 
Erase Done.
Programming Done.
Verify OK.
Rebuild target 'Target 1'
assembling startup_LPC17xx.s...
compiling system_LPC17xx.c...
compiling half_fit.c...
half_fit.c(113): warning:  #223-D: function "memset" declared implicitly
half_fit.c(118): warning:  #223-D: function "memset" declared implicitly
half_fit.c(105): warning:  #177-D: variable "range" was declared but never referenced
half_fit.c(107): warning:  #177-D: variable "ptr_to_unalloc" was declared but never referenced
half_fit.c(108): warning:  #177-D: variable "ptr_block" was declared but never referenced
half_fit.c(182): warning:  #177-D: variable "extra_header" was declared but never referenced
half_fit.c(183): warning:  #177-D: variable "curr_address" was declared but never referenced
half_fit.c(310): warning:  #223-D: function "memset" declared implicitly
compiling half_fit_test.c...
half_fit_test.c(10): warning:  #47-D: incompatible redefinition of macro "smlst_blk_sz" (declared at line 11 of "half_fit.h")
half_fit_test.c(12): warning:  #47-D: incompatible redefinition of macro "lrgst_blk_sz" (declared at line 13 of "half_fit.h")
half_fit_test.c(376): warning:  #177-D: variable "line" was declared but never referenced
half_fit_test.c(519): warning:  #177-D: variable "ptr1" was declared but never referenced
half_fit_test.c(519): warning:  #177-D: variable "ptr2" was declared but never referenced
half_fit_test.c(519): warning:  #177-D: variable "ptr3" was declared but never referenced
compiling uart.c...
compiling Retarget.c...
linking...
Program Size: Code=6120 RO-data=220 RW-data=60 ZI-data=41180  
"project2new.axf" - 0 Error(s), 14 Warning(s).
Load "C:\\Users\\a5ravi\\Desktop\\project - fresh implementation\\project2new.AXF" 
Erase Done.
Programming Done.
Verify OK.
Rebuild target 'Target 1'
assembling startup_LPC17xx.s...
compiling system_LPC17xx.c...
compiling half_fit.c...
half_fit.c(114): warning:  #223-D: function "memset" declared implicitly
half_fit.c(119): warning:  #223-D: function "memset" declared implicitly
half_fit.c(106): warning:  #177-D: variable "range" was declared but never referenced
half_fit.c(108): warning:  #177-D: variable "ptr_to_unalloc" was declared but never referenced
half_fit.c(109): warning:  #177-D: variable "ptr_block" was declared but never referenced
half_fit.c(183): warning:  #177-D: variable "extra_header" was declared but never referenced
half_fit.c(184): warning:  #177-D: variable "curr_address" was declared but never referenced
half_fit.c(311): warning:  #223-D: function "memset" declared implicitly
compiling half_fit_test.c...
half_fit_test.c(10): warning:  #47-D: incompatible redefinition of macro "smlst_blk_sz" (declared at line 11 of "half_fit.h")
half_fit_test.c(12): warning:  #47-D: incompatible redefinition of macro "lrgst_blk_sz" (declared at line 13 of "half_fit.h")
half_fit_test.c(376): warning:  #177-D: variable "line" was declared but never referenced
half_fit_test.c(519): warning:  #177-D: variable "ptr1" was declared but never referenced
half_fit_test.c(519): warning:  #177-D: variable "ptr2" was declared but never referenced
half_fit_test.c(519): warning:  #177-D: variable "ptr3" was declared but never referenced
compiling uart.c...
compiling Retarget.c...
linking...
Program Size: Code=6120 RO-data=220 RW-data=60 ZI-data=41180  
"project2new.axf" - 0 Error(s), 14 Warning(s).
Load "C:\\Users\\a5ravi\\Desktop\\project - fresh implementation\\project2new.AXF" 
Erase Done.
Programming Done.
Verify OK.
Rebuild target 'Target 1'
assembling startup_LPC17xx.s...
compiling system_LPC17xx.c...
compiling half_fit.c...
half_fit.c(113): warning:  #223-D: function "memset" declared implicitly
half_fit.c(118): warning:  #223-D: function "memset" declared implicitly
half_fit.c(105): warning:  #177-D: variable "range" was declared but never referenced
half_fit.c(107): warning:  #177-D: variable "ptr_to_unalloc" was declared but never referenced
half_fit.c(108): warning:  #177-D: variable "ptr_block" was declared but never referenced
half_fit.c(183): warning:  #177-D: variable "curr_address" was declared but never referenced
half_fit.c(310): warning:  #223-D: function "memset" declared implicitly
compiling half_fit_test.c...
half_fit_test.c(10): warning:  #47-D: incompatible redefinition of macro "smlst_blk_sz" (declared at line 11 of "half_fit.h")
half_fit_test.c(12): warning:  #47-D: incompatible redefinition of macro "lrgst_blk_sz" (declared at line 13 of "half_fit.h")
half_fit_test.c(376): warning:  #177-D: variable "line" was declared but never referenced
half_fit_test.c(519): warning:  #177-D: variable "ptr1" was declared but never referenced
half_fit_test.c(519): warning:  #177-D: variable "ptr2" was declared but never referenced
half_fit_test.c(519): warning:  #177-D: variable "ptr3" was declared but never referenced
compiling uart.c...
compiling Retarget.c...
linking...
Program Size: Code=6184 RO-data=220 RW-data=60 ZI-data=41180  
"project2new.axf" - 0 Error(s), 13 Warning(s).
Load "C:\\Users\\a5ravi\\Desktop\\project - fresh implementation\\project2new.AXF" 
Erase Done.
Programming Done.
Verify OK.
